Received: w4
Walk Start
ICrawl Update: leg=0, phase=0.00, x=40.0, y=110.0, z=-80.0
ICrawl Update: leg=1, phase=0.00, x=-80.0, y=110.0, z=-80.0
ICrawl Update: leg=2, phase=0.50, x=-60.0, y=-110.0, z=-80.0
ICrawl Update: leg=3, phase=0.50, x=60.0, y=-110.0, z=-80.0
ICrawl Update: leg=0, phase=0.00, x=40.0, y=110.0, z=-80.0
ICrawl Update: leg=1, phase=0.00, x=-80.0, y=110.0, z=-80.0
ICrawl Update: leg=2, phase=0.50, x=-60.0, y=-110.0, z=-80.0
ICrawl Update: leg=3, phase=0.50, x=60.0, y=-110.0, z=-80.0
ICrawl Update: leg=0, phase=0.01, x=40.0, y=110.0, z=-80.0
ICrawl Update: leg=1, phase=0.01, x=-80.0, y=110.0, z=-75.0
ICrawl Update: leg=2, phase=0.51, x=-60.0, y=-110.0, z=-80.0
ICrawl Update: leg=3, phase=0.51, x=60.0, y=-110.0, z=-80.0
ICrawl Update: leg=0, phase=0.02, x=40.0, y=110.0, z=-80.0
ICrawl Update: leg=1, phase=0.02, x=-80.0, y=110.0, z=-70.0
ICrawl Update: leg=2, phase=0.52, x=-60.0, y=-110.0, z=-80.0
ICrawl Update: leg=3, phase=0.52, x=60.0, y=-110.0, z=-80.0
ICrawl Update: leg=0, phase=0.03, x=40.0, y=110.0, z=-80.0
ICrawl Update: leg=1, phase=0.03, x=-80.0, y=110.0, z=-65.0
ICrawl Update: leg=2, phase=0.53, x=-60.0, y=-110.0, z=-80.0
ICrawl Update: leg=3, phase=0.53, x=60.0, y=-110.0, z=-80.0
ICrawl Update: leg=0, phase=0.04, x=40.0, y=110.0, z=-80.0
ICrawl Update: leg=1, phase=0.04, x=-80.0, y=110.0, z=-60.0
ICrawl Update: leg=2, phase=0.54, x=-60.0, y=-110.0, z=-80.0
ICrawl Update: leg=3, phase=0.54, x=60.0, y=-110.0, z=-80.0
ICrawl Update: leg=0, phase=0.05, x=40.0, y=110.0, z=-80.0
ICrawl Update: leg=1, phase=0.05, x=-80.0, y=110.0, z=-55.0
ICrawl Update: leg=2, phase=0.55, x=-60.0, y=-110.0, z=-80.0
ICrawl Update: leg=3, phase=0.55, x=60.0, y=-110.0, z=-80.0
ICrawl Update: leg=0, phase=0.06, x=40.0, y=110.0, z=-80.0
ICrawl Update: leg=1, phase=0.06, x=-76.0, y=110.0, z=-55.0
ICrawl Update: leg=2, phase=0.56, x=-60.0, y=-110.0, z=-80.0
ICrawl Update: leg=3, phase=0.56, x=60.0, y=-110.0, z=-80.0
ICrawl Update: leg=0, phase=0.07, x=40.0, y=110.0, z=-80.0
ICrawl Update: leg=1, phase=0.07, x=-72.0, y=110.0, z=-55.0
ICrawl Update: leg=2, phase=0.57, x=-60.0, y=-110.0, z=-80.0
ICrawl Update: leg=3, phase=0.57, x=60.0, y=-110.0, z=-80.0
ICrawl Update: leg=0, phase=0.08, x=40.0, y=110.0, z=-80.0
ICrawl Update: leg=1, phase=0.08, x=-68.0, y=110.0, z=-55.0
ICrawl Update: leg=2, phase=0.58, x=-60.0, y=-110.0, z=-80.0
ICrawl Update: leg=3, phase=0.58, x=60.0, y=-110.0, z=-80.0
ICrawl Update: leg=0, phase=0.09, x=40.0, y=110.0, z=-80.0
ICrawl Update: leg=1, phase=0.09, x=-64.0, y=110.0, z=-55.0
ICrawl Update: leg=2, phase=0.59, x=-60.0, y=-110.0, z=-80.0
ICrawl Update: leg=3, phase=0.59, x=60.0, y=-110.0, z=-80.0
ICrawl Update: leg=0, phase=0.10, x=40.0, y=110.0, z=-80.0
ICrawl Update: leg=1, phase=0.10, x=-60.0, y=110.0, z=-55.0
ICrawl Update: leg=2, phase=0.60, x=-60.0, y=-110.0, z=-80.0
ICrawl Update: leg=3, phase=0.60, x=60.0, y=-110.0, z=-80.0
ICrawl Update: leg=0, phase=0.11, x=40.0, y=110.0, z=-80.0
ICrawl Update: leg=1, phase=0.11, x=-56.0, y=110.0, z=-55.0
ICrawl Update: leg=2, phase=0.61, x=-60.0, y=-110.0, z=-80.0
ICrawl Update: leg=3, phase=0.61, x=60.0, y=-110.0, z=-80.0
ICrawl Update: leg=0, phase=0.12, x=40.0, y=110.0, z=-80.0
ICrawl Update: leg=1, phase=0.12, x=-52.0, y=110.0, z=-55.0
ICrawl Update: leg=2, phase=0.62, x=-60.0, y=-110.0, z=-80.0
ICrawl Update: leg=3, phase=0.62, x=60.0, y=-110.0, z=-80.0
ICrawl Update: leg=0, phase=0.13, x=40.0, y=110.0, z=-80.0
ICrawl Update: leg=1, phase=0.13, x=-48.0, y=110.0, z=-55.0
ICrawl Update: leg=2, phase=0.63, x=-60.0, y=-110.0, z=-80.0
ICrawl Update: leg=3, phase=0.63, x=60.0, y=-110.0, z=-80.0
ICrawl Update: leg=0, phase=0.14, x=40.0, y=110.0, z=-80.0
ICrawl Update: leg=1, phase=0.14, x=-44.0, y=110.0, z=-55.0
ICrawl Update: leg=2, phase=0.64, x=-60.0, y=-110.0, z=-80.0
ICrawl Update: leg=3, phase=0.64, x=60.0, y=-110.0, z=-80.0
ICrawl Update: leg=0, phase=0.15, x=40.0, y=110.0, z=-80.0
ICrawl Update: leg=1, phase=0.15, x=-40.0, y=110.0, z=-55.0
ICrawl Update: leg=2, phase=0.65, x=-60.0, y=-110.0, z=-80.0
ICrawl Update: leg=3, phase=0.65, x=60.0, y=-110.0, z=-80.0
ICrawl Update: leg=0, phase=0.16, x=40.0, y=110.0, z=-80.0
ICrawl Update: leg=1, phase=0.16, x=-40.0, y=110.0, z=-60.0
ICrawl Update: leg=2, phase=0.66, x=-60.0, y=-110.0, z=-80.0
ICrawl Update: leg=3, phase=0.66, x=60.0, y=-110.0, z=-80.0
ICrawl Update: leg=0, phase=0.17, x=40.0, y=110.0, z=-80.0
ICrawl Update: leg=1, phase=0.17, x=-40.0, y=110.0, z=-65.0
ICrawl Update: leg=2, phase=0.67, x=-60.0, y=-110.0, z=-80.0
ICrawl Update: leg=3, phase=0.67, x=60.0, y=-110.0, z=-80.0
ICrawl Update: leg=0, phase=0.18, x=40.0, y=110.0, z=-80.0
ICrawl Update: leg=1, phase=0.18, x=-40.0, y=110.0, z=-70.0
ICrawl Update: leg=2, phase=0.68, x=-60.0, y=-110.0, z=-80.0
ICrawl Update: leg=3, phase=0.68, x=60.0, y=-110.0, z=-80.0
ICrawl Update: leg=0, phase=0.19, x=40.0, y=110.0, z=-80.0
ICrawl Update: leg=1, phase=0.19, x=-40.0, y=110.0, z=-75.0
ICrawl Update: leg=2, phase=0.69, x=-60.0, y=-110.0, z=-80.0
ICrawl Update: leg=3, phase=0.69, x=60.0, y=-110.0, z=-80.0
ICrawl Update: leg=0, phase=0.20, x=40.0, y=110.0, z=-80.0
ICrawl Update: leg=1, phase=0.20, x=-40.0, y=110.0, z=-80.0
ICrawl Update: leg=2, phase=0.70, x=-60.0, y=-110.0, z=-80.0
ICrawl Update: leg=3, phase=0.70, x=60.0, y=-110.0, z=-80.0
ICrawl Update: leg=0, phase=0.21, x=40.0, y=110.0, z=-75.0
ICrawl Update: leg=1, phase=0.21, x=-40.0, y=110.0, z=-80.0
ICrawl Update: leg=2, phase=0.71, x=-60.0, y=-110.0, z=-80.0
ICrawl Update: leg=3, phase=0.71, x=60.0, y=-110.0, z=-80.0
ICrawl Update: leg=0, phase=0.22, x=40.0, y=110.0, z=-70.0
ICrawl Update: leg=1, phase=0.22, x=-40.0, y=110.0, z=-80.0
ICrawl Update: leg=2, phase=0.72, x=-60.0, y=-110.0, z=-80.0
ICrawl Update: leg=3, phase=0.72, x=60.0, y=-110.0, z=-80.0
ICrawl Update: leg=0, phase=0.23, x=40.0, y=110.0, z=-65.0
ICrawl Update: leg=1, phase=0.23, x=-40.0, y=110.0, z=-80.0
ICrawl Update: leg=2, phase=0.73, x=-60.0, y=-110.0, z=-80.0
ICrawl Update: leg=3, phase=0.73, x=60.0, y=-110.0, z=-80.0
ICrawl Update: leg=0, phase=0.24, x=40.0, y=110.0, z=-60.0
ICrawl Update: leg=1, phase=0.24, x=-40.0, y=110.0, z=-80.0
ICrawl Update: leg=2, phase=0.74, x=-60.0, y=-110.0, z=-80.0
ICrawl Update: leg=3, phase=0.74, x=60.0, y=-110.0, z=-80.0
ICrawl Update: leg=0, phase=0.25, x=40.0, y=110.0, z=-55.0
ICrawl Update: leg=1, phase=0.25, x=-40.0, y=110.0, z=-80.0
ICrawl Update: leg=2, phase=0.75, x=-60.0, y=-110.0, z=-80.0
ICrawl Update: leg=3, phase=0.75, x=60.0, y=-110.0, z=-80.0
ICrawl Update: leg=0, phase=0.26, x=44.0, y=110.0, z=-55.0
ICrawl Update: leg=1, phase=0.26, x=-40.0, y=110.0, z=-80.0
ICrawl Update: leg=2, phase=0.76, x=-60.0, y=-110.0, z=-80.0
ICrawl Update: leg=3, phase=0.76, x=60.0, y=-110.0, z=-80.0
ICrawl Update: leg=0, phase=0.27, x=48.0, y=110.0, z=-55.0
ICrawl Update: leg=1, phase=0.27, x=-40.0, y=110.0, z=-80.0
ICrawl Update: leg=2, phase=0.77, x=-60.0, y=-110.0, z=-80.0
ICrawl Update: leg=3, phase=0.77, x=60.0, y=-110.0, z=-80.0
ICrawl Update: leg=0, phase=0.28, x=52.0, y=110.0, z=-55.0
ICrawl Update: leg=1, phase=0.28, x=-40.0, y=110.0, z=-80.0
ICrawl Update: leg=2, phase=0.78, x=-60.0, y=-110.0, z=-80.0
ICrawl Update: leg=3, phase=0.78, x=60.0, y=-110.0, z=-80.0
ICrawl Update: leg=0, phase=0.29, x=56.0, y=110.0, z=-55.0
ICrawl Update: leg=1, phase=0.29, x=-40.0, y=110.0, z=-80.0
ICrawl Update: leg=2, phase=0.79, x=-60.0, y=-110.0, z=-80.0
ICrawl Update: leg=3, phase=0.79, x=60.0, y=-110.0, z=-80.0
ICrawl Update: leg=0, phase=0.30, x=60.0, y=110.0, z=-55.0
ICrawl Update: leg=1, phase=0.30, x=-40.0, y=110.0, z=-80.0
ICrawl Update: leg=2, phase=0.80, x=-60.0, y=-110.0, z=-80.0
ICrawl Update: leg=3, phase=0.80, x=60.0, y=-110.0, z=-80.0
ICrawl Update: leg=0, phase=0.31, x=64.0, y=110.0, z=-55.0
ICrawl Update: leg=1, phase=0.31, x=-40.0, y=110.0, z=-80.0
ICrawl Update: leg=2, phase=0.81, x=-60.0, y=-110.0, z=-80.0
ICrawl Update: leg=3, phase=0.81, x=60.0, y=-110.0, z=-80.0
ICrawl Update: leg=0, phase=0.32, x=68.0, y=110.0, z=-55.0
ICrawl Update: leg=1, phase=0.32, x=-40.0, y=110.0, z=-80.0
ICrawl Update: leg=2, phase=0.82, x=-60.0, y=-110.0, z=-80.0
ICrawl Update: leg=3, phase=0.82, x=60.0, y=-110.0, z=-80.0
ICrawl Update: leg=0, phase=0.33, x=72.0, y=110.0, z=-55.0
ICrawl Update: leg=1, phase=0.33, x=-40.0, y=110.0, z=-80.0
ICrawl Update: leg=2, phase=0.83, x=-60.0, y=-110.0, z=-80.0
ICrawl Update: leg=3, phase=0.83, x=60.0, y=-110.0, z=-80.0
ICrawl Update: leg=0, phase=0.34, x=76.0, y=110.0, z=-55.0
ICrawl Update: leg=1, phase=0.34, x=-40.0, y=110.0, z=-80.0
ICrawl Update: leg=2, phase=0.84, x=-60.0, y=-110.0, z=-80.0
ICrawl Update: leg=3, phase=0.84, x=60.0, y=-110.0, z=-80.0
ICrawl Update: leg=0, phase=0.35, x=80.0, y=110.0, z=-55.0
ICrawl Update: leg=1, phase=0.35, x=-40.0, y=110.0, z=-80.0
ICrawl Update: leg=2, phase=0.85, x=-60.0, y=-110.0, z=-80.0
ICrawl Update: leg=3, phase=0.85, x=60.0, y=-110.0, z=-80.0
ICrawl Update: leg=0, phase=0.36, x=80.0, y=110.0, z=-60.0
ICrawl Update: leg=1, phase=0.36, x=-40.0, y=110.0, z=-80.0
ICrawl Update: leg=2, phase=0.86, x=-60.0, y=-110.0, z=-80.0
ICrawl Update: leg=3, phase=0.86, x=60.0, y=-110.0, z=-80.0
ICrawl Update: leg=0, phase=0.37, x=80.0, y=110.0, z=-65.0
ICrawl Update: leg=1, phase=0.37, x=-40.0, y=110.0, z=-80.0
ICrawl Update: leg=2, phase=0.87, x=-60.0, y=-110.0, z=-80.0
ICrawl Update: leg=3, phase=0.87, x=60.0, y=-110.0, z=-80.0
ICrawl Update: leg=0, phase=0.38, x=80.0, y=110.0, z=-70.0
ICrawl Update: leg=1, phase=0.38, x=-40.0, y=110.0, z=-80.0
ICrawl Update: leg=2, phase=0.88, x=-60.0, y=-110.0, z=-80.0
ICrawl Update: leg=3, phase=0.88, x=60.0, y=-110.0, z=-80.0
ICrawl Update: leg=0, phase=0.39, x=80.0, y=110.0, z=-75.0
ICrawl Update: leg=1, phase=0.39, x=-40.0, y=110.0, z=-80.0
ICrawl Update: leg=2, phase=0.89, x=-60.0, y=-110.0, z=-80.0
ICrawl Update: leg=3, phase=0.89, x=60.0, y=-110.0, z=-80.0
ICrawl Update: leg=0, phase=0.40, x=80.0, y=110.0, z=-80.0
ICrawl Update: leg=1, phase=0.40, x=-40.0, y=110.0, z=-80.0
ICrawl Update: leg=2, phase=0.90, x=-60.0, y=-110.0, z=-80.0
ICrawl Update: leg=3, phase=0.90, x=60.0, y=-110.0, z=-80.0
ICrawl Update: leg=0, phase=0.41, x=78.0, y=110.0, z=-80.0
ICrawl Update: leg=1, phase=0.41, x=-42.0, y=110.0, z=-80.0
ICrawl Update: leg=2, phase=0.91, x=-62.0, y=-110.0, z=-80.0
ICrawl Update: leg=3, phase=0.91, x=58.0, y=-110.0, z=-80.0
ICrawl Update: leg=0, phase=0.42, x=76.0, y=110.0, z=-80.0
ICrawl Update: leg=1, phase=0.42, x=-44.0, y=110.0, z=-80.0
ICrawl Update: leg=2, phase=0.92, x=-64.0, y=-110.0, z=-80.0
ICrawl Update: leg=3, phase=0.92, x=56.0, y=-110.0, z=-80.0
ICrawl Update: leg=0, phase=0.43, x=74.0, y=110.0, z=-80.0
ICrawl Update: leg=1, phase=0.43, x=-46.0, y=110.0, z=-80.0
ICrawl Update: leg=2, phase=0.93, x=-66.0, y=-110.0, z=-80.0
ICrawl Update: leg=3, phase=0.93, x=54.0, y=-110.0, z=-80.0
ICrawl Update: leg=0, phase=0.44, x=72.0, y=110.0, z=-80.0
ICrawl Update: leg=1, phase=0.44, x=-48.0, y=110.0, z=-80.0
ICrawl Update: leg=2, phase=0.94, x=-68.0, y=-110.0, z=-80.0
ICrawl Update: leg=3, phase=0.94, x=52.0, y=-110.0, z=-80.0
ICrawl Update: leg=0, phase=0.45, x=70.0, y=110.0, z=-80.0
ICrawl Update: leg=1, phase=0.45, x=-50.0, y=110.0, z=-80.0
ICrawl Update: leg=2, phase=0.95, x=-70.0, y=-110.0, z=-80.0
ICrawl Update: leg=3, phase=0.95, x=50.0, y=-110.0, z=-80.0
ICrawl Update: leg=0, phase=0.46, x=68.0, y=110.0, z=-80.0
ICrawl Update: leg=1, phase=0.46, x=-52.0, y=110.0, z=-80.0
ICrawl Update: leg=2, phase=0.96, x=-72.0, y=-110.0, z=-80.0
ICrawl Update: leg=3, phase=0.96, x=48.0, y=-110.0, z=-80.0
ICrawl Update: leg=0, phase=0.47, x=66.0, y=110.0, z=-80.0
ICrawl Update: leg=1, phase=0.47, x=-54.0, y=110.0, z=-80.0
ICrawl Update: leg=2, phase=0.97, x=-74.0, y=-110.0, z=-80.0
ICrawl Update: leg=3, phase=0.97, x=46.0, y=-110.0, z=-80.0
ICrawl Update: leg=0, phase=0.48, x=64.0, y=110.0, z=-80.0
ICrawl Update: leg=1, phase=0.48, x=-56.0, y=110.0, z=-80.0
ICrawl Update: leg=2, phase=0.98, x=-76.0, y=-110.0, z=-80.0
ICrawl Update: leg=3, phase=0.98, x=44.0, y=-110.0, z=-80.0
ICrawl Update: leg=0, phase=0.49, x=62.0, y=110.0, z=-80.0
ICrawl Update: leg=1, phase=0.49, x=-58.0, y=110.0, z=-80.0
ICrawl Update: leg=2, phase=0.99, x=-78.0, y=-110.0, z=-80.0
ICrawl Update: leg=3, phase=0.99, x=42.0, y=-110.0, z=-80.0
ICrawl Update: leg=0, phase=0.50, x=60.0, y=110.0, z=-80.0
ICrawl Update: leg=1, phase=0.50, x=-60.0, y=110.0, z=-80.0
ICrawl Update: leg=2, phase=0.00, x=-80.0, y=-110.0, z=-80.0
ICrawl Update: leg=3, phase=0.00, x=40.0, y=-110.0, z=-80.0
ICrawl Update: leg=0, phase=0.51, x=60.0, y=110.0, z=-80.0
ICrawl Update: leg=1, phase=0.51, x=-60.0, y=110.0, z=-80.0
ICrawl Update: leg=2, phase=0.01, x=-80.0, y=-110.0, z=-75.0
ICrawl Update: leg=3, phase=0.01, x=40.0, y=-110.0, z=-80.0
ICrawl Update: leg=0, phase=0.52, x=60.0, y=110.0, z=-80.0
ICrawl Update: leg=1, phase=0.52, x=-60.0, y=110.0, z=-80.0
ICrawl Update: leg=2, phase=0.02, x=-80.0, y=-110.0, z=-70.0
ICrawl Update: leg=3, phase=0.02, x=40.0, y=-110.0, z=-80.0
ICrawl Update: leg=0, phase=0.53, x=60.0, y=110.0, z=-80.0
ICrawl Update: leg=1, phase=0.53, x=-60.0, y=110.0, z=-80.0
ICrawl Update: leg=2, phase=0.03, x=-80.0, y=-110.0, z=-65.0
ICrawl Update: leg=3, phase=0.03, x=40.0, y=-110.0, z=-80.0
ICrawl Update: leg=0, phase=0.54, x=60.0, y=110.0, z=-80.0
ICrawl Update: leg=1, phase=0.54, x=-60.0, y=110.0, z=-80.0
ICrawl Update: leg=2, phase=0.04, x=-80.0, y=-110.0, z=-60.0
ICrawl Update: leg=3, phase=0.04, x=40.0, y=-110.0, z=-80.0
ICrawl Update: leg=0, phase=0.55, x=60.0, y=110.0, z=-80.0
ICrawl Update: leg=1, phase=0.55, x=-60.0, y=110.0, z=-80.0
ICrawl Update: leg=2, phase=0.05, x=-80.0, y=-110.0, z=-55.0
ICrawl Update: leg=3, phase=0.05, x=40.0, y=-110.0, z=-80.0
ICrawl Update: leg=0, phase=0.56, x=60.0, y=110.0, z=-80.0
ICrawl Update: leg=1, phase=0.56, x=-60.0, y=110.0, z=-80.0
ICrawl Update: leg=2, phase=0.06, x=-76.0, y=-110.0, z=-55.0
ICrawl Update: leg=3, phase=0.06, x=40.0, y=-110.0, z=-80.0
ICrawl Update: leg=0, phase=0.57, x=60.0, y=110.0, z=-80.0
ICrawl Update: leg=1, phase=0.57, x=-60.0, y=110.0, z=-80.0
ICrawl Update: leg=2, phase=0.07, x=-72.0, y=-110.0, z=-55.0
ICrawl Update: leg=3, phase=0.07, x=40.0, y=-110.0, z=-80.0
ICrawl Update: leg=0, phase=0.58, x=60.0, y=110.0, z=-80.0
ICrawl Update: leg=1, phase=0.58, x=-60.0, y=110.0, z=-80.0
ICrawl Update: leg=2, phase=0.08, x=-68.0, y=-110.0, z=-55.0
ICrawl Update: leg=3, phase=0.08, x=40.0, y=-110.0, z=-80.0
ICrawl Update: leg=0, phase=0.59, x=60.0, y=110.0, z=-80.0
ICrawl Update: leg=1, phase=0.59, x=-60.0, y=110.0, z=-80.0
ICrawl Update: leg=2, phase=0.09, x=-64.0, y=-110.0, z=-55.0
ICrawl Update: leg=3, phase=0.09, x=40.0, y=-110.0, z=-80.0
ICrawl Update: leg=0, phase=0.60, x=60.0, y=110.0, z=-80.0
ICrawl Update: leg=1, phase=0.60, x=-60.0, y=110.0, z=-80.0
ICrawl Update: leg=2, phase=0.10, x=-60.0, y=-110.0, z=-55.0
ICrawl Update: leg=3, phase=0.10, x=40.0, y=-110.0, z=-80.0
ICrawl Update: leg=0, phase=0.61, x=60.0, y=110.0, z=-80.0
ICrawl Update: leg=1, phase=0.61, x=-60.0, y=110.0, z=-80.0
ICrawl Update: leg=2, phase=0.11, x=-56.0, y=-110.0, z=-55.0
ICrawl Update: leg=3, phase=0.11, x=40.0, y=-110.0, z=-80.0
ICrawl Update: leg=0, phase=0.62, x=60.0, y=110.0, z=-80.0
ICrawl Update: leg=1, phase=0.62, x=-60.0, y=110.0, z=-80.0
ICrawl Update: leg=2, phase=0.12, x=-52.0, y=-110.0, z=-55.0
ICrawl Update: leg=3, phase=0.12, x=40.0, y=-110.0, z=-80.0
ICrawl Update: leg=0, phase=0.63, x=60.0, y=110.0, z=-80.0
ICrawl Update: leg=1, phase=0.63, x=-60.0, y=110.0, z=-80.0
ICrawl Update: leg=2, phase=0.13, x=-48.0, y=-110.0, z=-55.0
ICrawl Update: leg=3, phase=0.13, x=40.0, y=-110.0, z=-80.0
ICrawl Update: leg=0, phase=0.64, x=60.0, y=110.0, z=-80.0
ICrawl Update: leg=1, phase=0.64, x=-60.0, y=110.0, z=-80.0
ICrawl Update: leg=2, phase=0.14, x=-44.0, y=-110.0, z=-55.0
ICrawl Update: leg=3, phase=0.14, x=40.0, y=-110.0, z=-80.0
ICrawl Update: leg=0, phase=0.65, x=60.0, y=110.0, z=-80.0
ICrawl Update: leg=1, phase=0.65, x=-60.0, y=110.0, z=-80.0
ICrawl Update: leg=2, phase=0.15, x=-40.0, y=-110.0, z=-55.0
ICrawl Update: leg=3, phase=0.15, x=40.0, y=-110.0, z=-80.0
ICrawl Update: leg=0, phase=0.66, x=60.0, y=110.0, z=-80.0
ICrawl Update: leg=1, phase=0.66, x=-60.0, y=110.0, z=-80.0
ICrawl Update: leg=2, phase=0.16, x=-40.0, y=-110.0, z=-60.0
ICrawl Update: leg=3, phase=0.16, x=40.0, y=-110.0, z=-80.0
ICrawl Update: leg=0, phase=0.67, x=60.0, y=110.0, z=-80.0
ICrawl Update: leg=1, phase=0.67, x=-60.0, y=110.0, z=-80.0
ICrawl Update: leg=2, phase=0.17, x=-40.0, y=-110.0, z=-65.0
ICrawl Update: leg=3, phase=0.17, x=40.0, y=-110.0, z=-80.0
ICrawl Update: leg=0, phase=0.68, x=60.0, y=110.0, z=-80.0
ICrawl Update: leg=1, phase=0.68, x=-60.0, y=110.0, z=-80.0
ICrawl Update: leg=2, phase=0.18, x=-40.0, y=-110.0, z=-70.0
ICrawl Update: leg=3, phase=0.18, x=40.0, y=-110.0, z=-80.0
ICrawl Update: leg=0, phase=0.69, x=60.0, y=110.0, z=-80.0
ICrawl Update: leg=1, phase=0.69, x=-60.0, y=110.0, z=-80.0
ICrawl Update: leg=2, phase=0.19, x=-40.0, y=-110.0, z=-75.0
ICrawl Update: leg=3, phase=0.19, x=40.0, y=-110.0, z=-80.0
ICrawl Update: leg=0, phase=0.70, x=60.0, y=110.0, z=-80.0
ICrawl Update: leg=1, phase=0.70, x=-60.0, y=110.0, z=-80.0
ICrawl Update: leg=2, phase=0.20, x=-40.0, y=-110.0, z=-80.0
ICrawl Update: leg=3, phase=0.20, x=40.0, y=-110.0, z=-80.0
ICrawl Update: leg=0, phase=0.71, x=60.0, y=110.0, z=-80.0
ICrawl Update: leg=1, phase=0.71, x=-60.0, y=110.0, z=-80.0
ICrawl Update: leg=2, phase=0.21, x=-40.0, y=-110.0, z=-80.0
ICrawl Update: leg=3, phase=0.21, x=40.0, y=-110.0, z=-75.0
ICrawl Update: leg=0, phase=0.72, x=60.0, y=110.0, z=-80.0
ICrawl Update: leg=1, phase=0.72, x=-60.0, y=110.0, z=-80.0
ICrawl Update: leg=2, phase=0.22, x=-40.0, y=-110.0, z=-80.0
ICrawl Update: leg=3, phase=0.22, x=40.0, y=-110.0, z=-70.0
ICrawl Update: leg=0, phase=0.73, x=60.0, y=110.0, z=-80.0
ICrawl Update: leg=1, phase=0.73, x=-60.0, y=110.0, z=-80.0
ICrawl Update: leg=2, phase=0.23, x=-40.0, y=-110.0, z=-80.0
ICrawl Update: leg=3, phase=0.23, x=40.0, y=-110.0, z=-65.0
ICrawl Update: leg=0, phase=0.74, x=60.0, y=110.0, z=-80.0
ICrawl Update: leg=1, phase=0.74, x=-60.0, y=110.0, z=-80.0
ICrawl Update: leg=2, phase=0.24, x=-40.0, y=-110.0, z=-80.0
ICrawl Update: leg=3, phase=0.24, x=40.0, y=-110.0, z=-60.0
ICrawl Update: leg=0, phase=0.75, x=60.0, y=110.0, z=-80.0
ICrawl Update: leg=1, phase=0.75, x=-60.0, y=110.0, z=-80.0
ICrawl Update: leg=2, phase=0.25, x=-40.0, y=-110.0, z=-80.0
ICrawl Update: leg=3, phase=0.25, x=40.0, y=-110.0, z=-55.0
ICrawl Update: leg=0, phase=0.76, x=60.0, y=110.0, z=-80.0
ICrawl Update: leg=1, phase=0.76, x=-60.0, y=110.0, z=-80.0
ICrawl Update: leg=2, phase=0.26, x=-40.0, y=-110.0, z=-80.0
ICrawl Update: leg=3, phase=0.26, x=44.0, y=-110.0, z=-55.0
ICrawl Update: leg=0, phase=0.77, x=60.0, y=110.0, z=-80.0
ICrawl Update: leg=1, phase=0.77, x=-60.0, y=110.0, z=-80.0
ICrawl Update: leg=2, phase=0.27, x=-40.0, y=-110.0, z=-80.0
ICrawl Update: leg=3, phase=0.27, x=48.0, y=-110.0, z=-55.0
ICrawl Update: leg=0, phase=0.78, x=60.0, y=110.0, z=-80.0
ICrawl Update: leg=1, phase=0.78, x=-60.0, y=110.0, z=-80.0
ICrawl Update: leg=2, phase=0.28, x=-40.0, y=-110.0, z=-80.0
ICrawl Update: leg=3, phase=0.28, x=52.0, y=-110.0, z=-55.0
ICrawl Update: leg=0, phase=0.79, x=60.0, y=110.0, z=-80.0
ICrawl Update: leg=1, phase=0.79, x=-60.0, y=110.0, z=-80.0
ICrawl Update: leg=2, phase=0.29, x=-40.0, y=-110.0, z=-80.0
ICrawl Update: leg=3, phase=0.29, x=56.0, y=-110.0, z=-55.0
ICrawl Update: leg=0, phase=0.80, x=60.0, y=110.0, z=-80.0
ICrawl Update: leg=1, phase=0.80, x=-60.0, y=110.0, z=-80.0
ICrawl Update: leg=2, phase=0.30, x=-40.0, y=-110.0, z=-80.0
ICrawl Update: leg=3, phase=0.30, x=60.0, y=-110.0, z=-55.0
ICrawl Update: leg=0, phase=0.81, x=60.0, y=110.0, z=-80.0
ICrawl Update: leg=1, phase=0.81, x=-60.0, y=110.0, z=-80.0
ICrawl Update: leg=2, phase=0.31, x=-40.0, y=-110.0, z=-80.0
ICrawl Update: leg=3, phase=0.31, x=64.0, y=-110.0, z=-55.0
ICrawl Update: leg=0, phase=0.82, x=60.0, y=110.0, z=-80.0
ICrawl Update: leg=1, phase=0.82, x=-60.0, y=110.0, z=-80.0
ICrawl Update: leg=2, phase=0.32, x=-40.0, y=-110.0, z=-80.0
ICrawl Update: leg=3, phase=0.32, x=68.0, y=-110.0, z=-55.0
ICrawl Update: leg=0, phase=0.83, x=60.0, y=110.0, z=-80.0
ICrawl Update: leg=1, phase=0.83, x=-60.0, y=110.0, z=-80.0
ICrawl Update: leg=2, phase=0.33, x=-40.0, y=-110.0, z=-80.0
ICrawl Update: leg=3, phase=0.33, x=72.0, y=-110.0, z=-55.0
ICrawl Update: leg=0, phase=0.84, x=60.0, y=110.0, z=-80.0
ICrawl Update: leg=1, phase=0.84, x=-60.0, y=110.0, z=-80.0
ICrawl Update: leg=2, phase=0.34, x=-40.0, y=-110.0, z=-80.0
ICrawl Update: leg=3, phase=0.34, x=76.0, y=-110.0, z=-55.0
ICrawl Update: leg=0, phase=0.85, x=60.0, y=110.0, z=-80.0
ICrawl Update: leg=1, phase=0.85, x=-60.0, y=110.0, z=-80.0
ICrawl Update: leg=2, phase=0.35, x=-40.0, y=-110.0, z=-80.0
ICrawl Update: leg=3, phase=0.35, x=80.0, y=-110.0, z=-55.0
ICrawl Update: leg=0, phase=0.86, x=60.0, y=110.0, z=-80.0
ICrawl Update: leg=1, phase=0.86, x=-60.0, y=110.0, z=-80.0
ICrawl Update: leg=2, phase=0.36, x=-40.0, y=-110.0, z=-80.0
ICrawl Update: leg=3, phase=0.36, x=80.0, y=-110.0, z=-60.0
ICrawl Update: leg=0, phase=0.87, x=60.0, y=110.0, z=-80.0
ICrawl Update: leg=1, phase=0.87, x=-60.0, y=110.0, z=-80.0
ICrawl Update: leg=2, phase=0.37, x=-40.0, y=-110.0, z=-80.0
ICrawl Update: leg=3, phase=0.37, x=80.0, y=-110.0, z=-65.0
ICrawl Update: leg=0, phase=0.88, x=60.0, y=110.0, z=-80.0
ICrawl Update: leg=1, phase=0.88, x=-60.0, y=110.0, z=-80.0
ICrawl Update: leg=2, phase=0.38, x=-40.0, y=-110.0, z=-80.0
ICrawl Update: leg=3, phase=0.38, x=80.0, y=-110.0, z=-70.0
ICrawl Update: leg=0, phase=0.89, x=60.0, y=110.0, z=-80.0
ICrawl Update: leg=1, phase=0.89, x=-60.0, y=110.0, z=-80.0
ICrawl Update: leg=2, phase=0.39, x=-40.0, y=-110.0, z=-80.0
ICrawl Update: leg=3, phase=0.39, x=80.0, y=-110.0, z=-75.0
ICrawl Update: leg=0, phase=0.90, x=60.0, y=110.0, z=-80.0
ICrawl Update: leg=1, phase=0.90, x=-60.0, y=110.0, z=-80.0
ICrawl Update: leg=2, phase=0.40, x=-40.0, y=-110.0, z=-80.0
ICrawl Update: leg=3, phase=0.40, x=80.0, y=-110.0, z=-80.0
ICrawl Update: leg=0, phase=0.91, x=58.0, y=110.0, z=-80.0
ICrawl Update: leg=1, phase=0.91, x=-62.0, y=110.0, z=-80.0
ICrawl Update: leg=2, phase=0.41, x=-42.0, y=-110.0, z=-80.0
ICrawl Update: leg=3, phase=0.41, x=78.0, y=-110.0, z=-80.0
ICrawl Update: leg=0, phase=0.92, x=56.0, y=110.0, z=-80.0
ICrawl Update: leg=1, phase=0.92, x=-64.0, y=110.0, z=-80.0
ICrawl Update: leg=2, phase=0.42, x=-44.0, y=-110.0, z=-80.0
ICrawl Update: leg=3, phase=0.42, x=76.0, y=-110.0, z=-80.0
ICrawl Update: leg=0, phase=0.93, x=54.0, y=110.0, z=-80.0
ICrawl Update: leg=1, phase=0.93, x=-66.0, y=110.0, z=-80.0
ICrawl Update: leg=2, phase=0.43, x=-46.0, y=-110.0, z=-80.0
ICrawl Update: leg=3, phase=0.43, x=74.0, y=-110.0, z=-80.0
ICrawl Update: leg=0, phase=0.94, x=52.0, y=110.0, z=-80.0
ICrawl Update: leg=1, phase=0.94, x=-68.0, y=110.0, z=-80.0
ICrawl Update: leg=2, phase=0.44, x=-48.0, y=-110.0, z=-80.0
ICrawl Update: leg=3, phase=0.44, x=72.0, y=-110.0, z=-80.0
ICrawl Update: leg=0, phase=0.95, x=50.0, y=110.0, z=-80.0
ICrawl Update: leg=1, phase=0.95, x=-70.0, y=110.0, z=-80.0
ICrawl Update: leg=2, phase=0.45, x=-50.0, y=-110.0, z=-80.0
ICrawl Update: leg=3, phase=0.45, x=70.0, y=-110.0, z=-80.0
ICrawl Update: leg=0, phase=0.96, x=48.0, y=110.0, z=-80.0
ICrawl Update: leg=1, phase=0.96, x=-72.0, y=110.0, z=-80.0
ICrawl Update: leg=2, phase=0.46, x=-52.0, y=-110.0, z=-80.0
ICrawl Update: leg=3, phase=0.46, x=68.0, y=-110.0, z=-80.0
ICrawl Update: leg=0, phase=0.97, x=46.0, y=110.0, z=-80.0
ICrawl Update: leg=1, phase=0.97, x=-74.0, y=110.0, z=-80.0
ICrawl Update: leg=2, phase=0.47, x=-54.0, y=-110.0, z=-80.0
ICrawl Update: leg=3, phase=0.47, x=66.0, y=-110.0, z=-80.0
ICrawl Update: leg=0, phase=0.98, x=44.0, y=110.0, z=-80.0
ICrawl Update: leg=1, phase=0.98, x=-76.0, y=110.0, z=-80.0
ICrawl Update: leg=2, phase=0.48, x=-56.0, y=-110.0, z=-80.0
ICrawl Update: leg=3, phase=0.48, x=64.0, y=-110.0, z=-80.0
ICrawl Update: leg=0, phase=0.99, x=42.0, y=110.0, z=-80.0
ICrawl Update: leg=1, phase=0.99, x=-78.0, y=110.0, z=-80.0
ICrawl Update: leg=2, phase=0.49, x=-58.0, y=-110.0, z=-80.0
ICrawl Update: leg=3, phase=0.49, x=62.0, y=-110.0, z=-80.0
ICrawl Update: leg=0, phase=0.00, x=40.0, y=110.0, z=-80.0
ICrawl Update: leg=1, phase=0.00, x=-80.0, y=110.0, z=-80.0
ICrawl Update: leg=2, phase=0.50, x=-60.0, y=-110.0, z=-80.0
ICrawl Update: leg=3, phase=0.50, x=60.0, y=-110.0, z=-80.0
ICrawl Update: leg=0, phase=0.01, x=40.0, y=110.0, z=-80.0
ICrawl Update: leg=1, phase=0.01, x=-80.0, y=110.0, z=-75.0
ICrawl Update: leg=2, phase=0.51, x=-60.0, y=-110.0, z=-80.0
ICrawl Update: leg=3, phase=0.51, x=60.0, y=-110.0, z=-80.0
ICrawl Update: leg=0, phase=0.02, x=40.0, y=110.0, z=-80.0
ICrawl Update: leg=1, phase=0.02, x=-80.0, y=110.0, z=-70.0
ICrawl Update: leg=2, phase=0.52, x=-60.0, y=-110.0, z=-80.0
ICrawl Update: leg=3, phase=0.52, x=60.0, y=-110.0, z=-80.0
ICrawl Update: leg=0, phase=0.03, x=40.0, y=110.0, z=-80.0
ICrawl Update: leg=1, phase=0.03, x=-80.0, y=110.0, z=-65.0
ICrawl Update: leg=2, phase=0.53, x=-60.0, y=-110.0, z=-80.0
ICrawl Update: leg=3, phase=0.53, x=60.0, y=-110.0, z=-80.0
ICrawl Update: leg=0, phase=0.04, x=40.0, y=110.0, z=-80.0
ICrawl Update: leg=1, phase=0.04, x=-80.0, y=110.0, z=-60.0
ICrawl Update: leg=2, phase=0.54, x=-60.0, y=-110.0, z=-80.0
ICrawl Update: leg=3, phase=0.54, x=60.0, y=-110.0, z=-80.0
ICrawl Update: leg=0, phase=0.05, x=40.0, y=110.0, z=-80.0
ICrawl Update: leg=1, phase=0.05, x=-80.0, y=110.0, z=-55.0
ICrawl Update: leg=2, phase=0.55, x=-60.0, y=-110.0, z=-80.0
ICrawl Update: leg=3, phase=0.55, x=60.0, y=-110.0, z=-80.0
ICrawl Update: leg=0, phase=0.06, x=40.0, y=110.0, z=-80.0
ICrawl Update: leg=1, phase=0.06, x=-76.0, y=110.0, z=-55.0
ICrawl Update: leg=2, phase=0.56, x=-60.0, y=-110.0, z=-80.0
ICrawl Update: leg=3, phase=0.56, x=60.0, y=-110.0, z=-80.0
ICrawl Update: leg=0, phase=0.07, x=40.0, y=110.0, z=-80.0
ICrawl Update: leg=1, phase=0.07, x=-72.0, y=110.0, z=-55.0
ICrawl Update: leg=2, phase=0.57, x=-60.0, y=-110.0, z=-80.0
ICrawl Update: leg=3, phase=0.57, x=60.0, y=-110.0, z=-80.0
ICrawl Update: leg=0, phase=0.08, x=40.0, y=110.0, z=-80.0
ICrawl Update: leg=1, phase=0.08, x=-68.0, y=110.0, z=-55.0
ICrawl Update: leg=2, phase=0.58, x=-60.0, y=-110.0, z=-80.0
ICrawl Update: leg=3, phase=0.58, x=60.0, y=-110.0, z=-80.0
ICrawl Update: leg=0, phase=0.09, x=40.0, y=110.0, z=-80.0
ICrawl Update: leg=1, phase=0.09, x=-64.0, y=110.0, z=-55.0
ICrawl Update: leg=2, phase=0.59, x=-60.0, y=-110.0, z=-80.0
ICrawl Update: leg=3, phase=0.59, x=60.0, y=-110.0, z=-80.0
ICrawl Update: leg=0, phase=0.10, x=40.0, y=110.0, z=-80.0
ICrawl Update: leg=1, phase=0.10, x=-60.0, y=110.0, z=-55.0
ICrawl Update: leg=2, phase=0.60, x=-60.0, y=-110.0, z=-80.0
ICrawl Update: leg=3, phase=0.60, x=60.0, y=-110.0, z=-80.0
ICrawl Update: leg=0, phase=0.11, x=40.0, y=110.0, z=-80.0
ICrawl Update: leg=1, phase=0.11, x=-56.0, y=110.0, z=-55.0
ICrawl Update: leg=2, phase=0.61, x=-60.0, y=-110.0, z=-80.0
ICrawl Update: leg=3, phase=0.61, x=60.0, y=-110.0, z=-80.0
ICrawl Update: leg=0, phase=0.12, x=40.0, y=110.0, z=-80.0
ICrawl Update: leg=1, phase=0.12, x=-52.0, y=110.0, z=-55.0
ICrawl Update: leg=2, phase=0.62, x=-60.0, y=-110.0, z=-80.0
ICrawl Update: leg=3, phase=0.62, x=60.0, y=-110.0, z=-80.0
ICrawl Update: leg=0, phase=0.13, x=40.0, y=110.0, z=-80.0
ICrawl Update: leg=1, phase=0.13, x=-48.0, y=110.0, z=-55.0
ICrawl Update: leg=2, phase=0.63, x=-60.0, y=-110.0, z=-80.0
ICrawl Update: leg=3, phase=0.63, x=60.0, y=-110.0, z=-80.0
ICrawl Update: leg=0, phase=0.14, x=40.0, y=110.0, z=-80.0
ICrawl Update: leg=1, phase=0.14, x=-44.0, y=110.0, z=-55.0
ICrawl Update: leg=2, phase=0.64, x=-60.0, y=-110.0, z=-80.0
ICrawl Update: leg=3, phase=0.64, x=60.0, y=-110.0, z=-80.0
ICrawl Update: leg=0, phase=0.15, x=40.0, y=110.0, z=-80.0
ICrawl Update: leg=1, phase=0.15, x=-40.0, y=110.0, z=-55.0
ICrawl Update: leg=2, phase=0.65, x=-60.0, y=-110.0, z=-80.0
ICrawl Update: leg=3, phase=0.65, x=60.0, y=-110.0, z=-80.0
ICrawl Update: leg=0, phase=0.16, x=40.0, y=110.0, z=-80.0
ICrawl Update: leg=1, phase=0.16, x=-40.0, y=110.0, z=-60.0
ICrawl Update: leg=2, phase=0.66, x=-60.0, y=-110.0, z=-80.0
ICrawl Update: leg=3, phase=0.66, x=60.0, y=-110.0, z=-80.0
ICrawl Update: leg=0, phase=0.17, x=40.0, y=110.0, z=-80.0
ICrawl Update: leg=1, phase=0.17, x=-40.0, y=110.0, z=-65.0
ICrawl Update: leg=2, phase=0.67, x=-60.0, y=-110.0, z=-80.0
ICrawl Update: leg=3, phase=0.67, x=60.0, y=-110.0, z=-80.0
ICrawl Update: leg=0, phase=0.18, x=40.0, y=110.0, z=-80.0
ICrawl Update: leg=1, phase=0.18, x=-40.0, y=110.0, z=-70.0
ICrawl Update: leg=2, phase=0.68, x=-60.0, y=-110.0, z=-80.0
ICrawl Update: leg=3, phase=0.68, x=60.0, y=-110.0, z=-80.0
ICrawl Update: leg=0, phase=0.19, x=40.0, y=110.0, z=-80.0
ICrawl Update: leg=1, phase=0.19, x=-40.0, y=110.0, z=-75.0
ICrawl Update: leg=2, phase=0.69, x=-60.0, y=-110.0, z=-80.0
ICrawl Update: leg=3, phase=0.69, x=60.0, y=-110.0, z=-80.0
ICrawl Update: leg=0, phase=0.20, x=40.0, y=110.0, z=-80.0
ICrawl Update: leg=1, phase=0.20, x=-40.0, y=110.0, z=-80.0
ICrawl Update: leg=2, phase=0.70, x=-60.0, y=-110.0, z=-80.0
ICrawl Update: leg=3, phase=0.70, x=60.0, y=-110.0, z=-80.0
ICrawl Update: leg=0, phase=0.21, x=40.0, y=110.0, z=-75.0
ICrawl Update: leg=1, phase=0.21, x=-40.0, y=110.0, z=-80.0
ICrawl Update: leg=2, phase=0.71, x=-60.0, y=-110.0, z=-80.0
ICrawl Update: leg=3, phase=0.71, x=60.0, y=-110.0, z=-80.0
ICrawl Update: leg=0, phase=0.22, x=40.0, y=110.0, z=-70.0
ICrawl Update: leg=1, phase=0.22, x=-40.0, y=110.0, z=-80.0
ICrawl Update: leg=2, phase=0.72, x=-60.0, y=-110.0, z=-80.0
ICrawl Update: leg=3, phase=0.72, x=60.0, y=-110.0, z=-80.0
ICrawl Update: leg=0, phase=0.23, x=40.0, y=110.0, z=-65.0
ICrawl Update: leg=1, phase=0.23, x=-40.0, y=110.0, z=-80.0
ICrawl Update: leg=2, phase=0.73, x=-60.0, y=-110.0, z=-80.0
ICrawl Update: leg=3, phase=0.73, x=60.0, y=-110.0, z=-80.0
ICrawl Update: leg=0, phase=0.24, x=40.0, y=110.0, z=-60.0
ICrawl Update: leg=1, phase=0.24, x=-40.0, y=110.0, z=-80.0
ICrawl Update: leg=2, phase=0.74, x=-60.0, y=-110.0, z=-80.0
ICrawl Update: leg=3, phase=0.74, x=60.0, y=-110.0, z=-80.0
ICrawl Update: leg=0, phase=0.25, x=40.0, y=110.0, z=-55.0
ICrawl Update: leg=1, phase=0.25, x=-40.0, y=110.0, z=-80.0
ICrawl Update: leg=2, phase=0.75, x=-60.0, y=-110.0, z=-80.0
ICrawl Update: leg=3, phase=0.75, x=60.0, y=-110.0, z=-80.0
ICrawl Update: leg=0, phase=0.26, x=44.0, y=110.0, z=-55.0
ICrawl Update: leg=1, phase=0.26, x=-40.0, y=110.0, z=-80.0
ICrawl Update: leg=2, phase=0.76, x=-60.0, y=-110.0, z=-80.0
ICrawl Update: leg=3, phase=0.76, x=60.0, y=-110.0, z=-80.0
ICrawl Update: leg=0, phase=0.27, x=48.0, y=110.0, z=-55.0
ICrawl Update: leg=1, phase=0.27, x=-40.0, y=110.0, z=-80.0
ICrawl Update: leg=2, phase=0.77, x=-60.0, y=-110.0, z=-80.0
ICrawl Update: leg=3, phase=0.77, x=60.0, y=-110.0, z=-80.0
ICrawl Update: leg=0, phase=0.28, x=52.0, y=110.0, z=-55.0
ICrawl Update: leg=1, phase=0.28, x=-40.0, y=110.0, z=-80.0
ICrawl Update: leg=2, phase=0.78, x=-60.0, y=-110.0, z=-80.0
ICrawl Update: leg=3, phase=0.78, x=60.0, y=-110.0, z=-80.0
ICrawl Update: leg=0, phase=0.29, x=56.0, y=110.0, z=-55.0
ICrawl Update: leg=1, phase=0.29, x=-40.0, y=110.0, z=-80.0
ICrawl Update: leg=2, phase=0.79, x=-60.0, y=-110.0, z=-80.0
ICrawl Update: leg=3, phase=0.79, x=60.0, y=-110.0, z=-80.0
ICrawl Update: leg=0, phase=0.30, x=60.0, y=110.0, z=-55.0
ICrawl Update: leg=1, phase=0.30, x=-40.0, y=110.0, z=-80.0
ICrawl Update: leg=2, phase=0.80, x=-60.0, y=-110.0, z=-80.0
ICrawl Update: leg=3, phase=0.80, x=60.0, y=-110.0, z=-80.0
ICrawl Update: leg=0, phase=0.31, x=64.0, y=110.0, z=-55.0
ICrawl Update: leg=1, phase=0.31, x=-40.0, y=110.0, z=-80.0
ICrawl Update: leg=2, phase=0.81, x=-60.0, y=-110.0, z=-80.0
ICrawl Update: leg=3, phase=0.81, x=60.0, y=-110.0, z=-80.0
ICrawl Update: leg=0, phase=0.32, x=68.0, y=110.0, z=-55.0
ICrawl Update: leg=1, phase=0.32, x=-40.0, y=110.0, z=-80.0
ICrawl Update: leg=2, phase=0.82, x=-60.0, y=-110.0, z=-80.0
ICrawl Update: leg=3, phase=0.82, x=60.0, y=-110.0, z=-80.0
ICrawl Update: leg=0, phase=0.33, x=72.0, y=110.0, z=-55.0
ICrawl Update: leg=1, phase=0.33, x=-40.0, y=110.0, z=-80.0
ICrawl Update: leg=2, phase=0.83, x=-60.0, y=-110.0, z=-80.0
ICrawl Update: leg=3, phase=0.83, x=60.0, y=-110.0, z=-80.0
ICrawl Update: leg=0, phase=0.34, x=76.0, y=110.0, z=-55.0
ICrawl Update: leg=1, phase=0.34, x=-40.0, y=110.0, z=-80.0
ICrawl Update: leg=2, phase=0.84, x=-60.0, y=-110.0, z=-80.0
ICrawl Update: leg=3, phase=0.84, x=60.0, y=-110.0, z=-80.0
ICrawl Update: leg=0, phase=0.35, x=80.0, y=110.0, z=-55.0
ICrawl Update: leg=1, phase=0.35, x=-40.0, y=110.0, z=-80.0
ICrawl Update: leg=2, phase=0.85, x=-60.0, y=-110.0, z=-80.0
ICrawl Update: leg=3, phase=0.85, x=60.0, y=-110.0, z=-80.0
ICrawl Update: leg=0, phase=0.36, x=80.0, y=110.0, z=-60.0
ICrawl Update: leg=1, phase=0.36, x=-40.0, y=110.0, z=-80.0
ICrawl Update: leg=2, phase=0.86, x=-60.0, y=-110.0, z=-80.0
ICrawl Update: leg=3, phase=0.86, x=60.0, y=-110.0, z=-80.0
ICrawl Update: leg=0, phase=0.37, x=80.0, y=110.0, z=-65.0
ICrawl Update: leg=1, phase=0.37, x=-40.0, y=110.0, z=-80.0
ICrawl Update: leg=2, phase=0.87, x=-60.0, y=-110.0, z=-80.0
ICrawl Update: leg=3, phase=0.87, x=60.0, y=-110.0, z=-80.0
ICrawl Update: leg=0, phase=0.38, x=80.0, y=110.0, z=-70.0
ICrawl Update: leg=1, phase=0.38, x=-40.0, y=110.0, z=-80.0
ICrawl Update: leg=2, phase=0.88, x=-60.0, y=-110.0, z=-80.0
ICrawl Update: leg=3, phase=0.88, x=60.0, y=-110.0, z=-80.0
ICrawl Update: leg=0, phase=0.39, x=80.0, y=110.0, z=-75.0
ICrawl Update: leg=1, phase=0.39, x=-40.0, y=110.0, z=-80.0
ICrawl Update: leg=2, phase=0.89, x=-60.0, y=-110.0, z=-80.0
ICrawl Update: leg=3, phase=0.89, x=60.0, y=-110.0, z=-80.0
ICrawl Update: leg=0, phase=0.40, x=80.0, y=110.0, z=-80.0
ICrawl Update: leg=1, phase=0.40, x=-40.0, y=110.0, z=-80.0
ICrawl Update: leg=2, phase=0.90, x=-60.0, y=-110.0, z=-80.0
ICrawl Update: leg=3, phase=0.90, x=60.0, y=-110.0, z=-80.0
ICrawl Update: leg=0, phase=0.41, x=78.0, y=110.0, z=-80.0
ICrawl Update: leg=1, phase=0.41, x=-42.0, y=110.0, z=-80.0
ICrawl Update: leg=2, phase=0.91, x=-62.0, y=-110.0, z=-80.0
ICrawl Update: leg=3, phase=0.91, x=58.0, y=-110.0, z=-80.0
ICrawl Update: leg=0, phase=0.42, x=76.0, y=110.0, z=-80.0
ICrawl Update: leg=1, phase=0.42, x=-44.0, y=110.0, z=-80.0
ICrawl Update: leg=2, phase=0.92, x=-64.0, y=-110.0, z=-80.0
ICrawl Update: leg=3, phase=0.92, x=56.0, y=-110.0, z=-80.0
ICrawl Update: leg=0, phase=0.43, x=74.0, y=110.0, z=-80.0
ICrawl Update: leg=1, phase=0.43, x=-46.0, y=110.0, z=-80.0
ICrawl Update: leg=2, phase=0.93, x=-66.0, y=-110.0, z=-80.0
ICrawl Update: leg=3, phase=0.93, x=54.0, y=-110.0, z=-80.0
ICrawl Update: leg=0, phase=0.44, x=72.0, y=110.0, z=-80.0
ICrawl Update: leg=1, phase=0.44, x=-48.0, y=110.0, z=-80.0
ICrawl Update: leg=2, phase=0.94, x=-68.0, y=-110.0, z=-80.0
ICrawl Update: leg=3, phase=0.94, x=52.0, y=-110.0, z=-80.0
ICrawl Update: leg=0, phase=0.45, x=70.0, y=110.0, z=-80.0
ICrawl Update: leg=1, phase=0.45, x=-50.0, y=110.0, z=-80.0
ICrawl Update: leg=2, phase=0.95, x=-70.0, y=-110.0, z=-80.0
ICrawl Update: leg=3, phase=0.95, x=50.0, y=-110.0, z=-80.0
ICrawl Update: leg=0, phase=0.46, x=68.0, y=110.0, z=-80.0
ICrawl Update: leg=1, phase=0.46, x=-52.0, y=110.0, z=-80.0
ICrawl Update: leg=2, phase=0.96, x=-72.0, y=-110.0, z=-80.0
ICrawl Update: leg=3, phase=0.96, x=48.0, y=-110.0, z=-80.0
ICrawl Update: leg=0, phase=0.47, x=66.0, y=110.0, z=-80.0
ICrawl Update: leg=1, phase=0.47, x=-54.0, y=110.0, z=-80.0
ICrawl Update: leg=2, phase=0.97, x=-74.0, y=-110.0, z=-80.0
ICrawl Update: leg=3, phase=0.97, x=46.0, y=-110.0, z=-80.0
ICrawl Update: leg=0, phase=0.48, x=64.0, y=110.0, z=-80.0
ICrawl Update: leg=1, phase=0.48, x=-56.0, y=110.0, z=-80.0
ICrawl Update: leg=2, phase=0.98, x=-76.0, y=-110.0, z=-80.0
ICrawl Update: leg=3, phase=0.98, x=44.0, y=-110.0, z=-80.0
ICrawl Update: leg=0, phase=0.49, x=62.0, y=110.0, z=-80.0
ICrawl Update: leg=1, phase=0.49, x=-58.0, y=110.0, z=-80.0
ICrawl Update: leg=2, phase=0.99, x=-78.0, y=-110.0, z=-80.0
ICrawl Update: leg=3, phase=0.99, x=42.0, y=-110.0, z=-80.0
ICrawl Update: leg=0, phase=0.50, x=60.0, y=110.0, z=-80.0
ICrawl Update: leg=1, phase=0.50, x=-60.0, y=110.0, z=-80.0
ICrawl Update: leg=2, phase=0.00, x=-80.0, y=-110.0, z=-80.0
ICrawl Update: leg=3, phase=0.00, x=40.0, y=-110.0, z=-80.0
ICrawl Update: leg=0, phase=0.51, x=60.0, y=110.0, z=-80.0
ICrawl Update: leg=1, phase=0.51, x=-60.0, y=110.0, z=-80.0
ICrawl Update: leg=2, phase=0.01, x=-80.0, y=-110.0, z=-75.0
ICrawl Update: leg=3, phase=0.01, x=40.0, y=-110.0, z=-80.0
ICrawl Update: leg=0, phase=0.52, x=60.0, y=110.0, z=-80.0
ICrawl Update: leg=1, phase=0.52, x=-60.0, y=110.0, z=-80.0
ICrawl Update: leg=2, phase=0.02, x=-80.0, y=-110.0, z=-70.0
ICrawl Update: leg=3, phase=0.02, x=40.0, y=-110.0, z=-80.0
ICrawl Update: leg=0, phase=0.53, x=60.0, y=110.0, z=-80.0
ICrawl Update: leg=1, phase=0.53, x=-60.0, y=110.0, z=-80.0
ICrawl Update: leg=2, phase=0.03, x=-80.0, y=-110.0, z=-65.0
ICrawl Update: leg=3, phase=0.03, x=40.0, y=-110.0, z=-80.0
ICrawl Update: leg=0, phase=0.54, x=60.0, y=110.0, z=-80.0
ICrawl Update: leg=1, phase=0.54, x=-60.0, y=110.0, z=-80.0
ICrawl Update: leg=2, phase=0.04, x=-80.0, y=-110.0, z=-60.0
ICrawl Update: leg=3, phase=0.04, x=40.0, y=-110.0, z=-80.0
ICrawl Update: leg=0, phase=0.55, x=60.0, y=110.0, z=-80.0
ICrawl Update: leg=1, phase=0.55, x=-60.0, y=110.0, z=-80.0
ICrawl Update: leg=2, phase=0.05, x=-80.0, y=-110.0, z=-55.0
ICrawl Update: leg=3, phase=0.05, x=40.0, y=-110.0, z=-80.0
ICrawl Update: leg=0, phase=0.56, x=60.0, y=110.0, z=-80.0
ICrawl Update: leg=1, phase=0.56, x=-60.0, y=110.0, z=-80.0
ICrawl Update: leg=2, phase=0.06, x=-76.0, y=-110.0, z=-55.0
ICrawl Update: leg=3, phase=0.06, x=40.0, y=-110.0, z=-80.0
ICrawl Update: leg=0, phase=0.57, x=60.0, y=110.0, z=-80.0
ICrawl Update: leg=1, phase=0.57, x=-60.0, y=110.0, z=-80.0
ICrawl Update: leg=2, phase=0.07, x=-72.0, y=-110.0, z=-55.0
ICrawl Update: leg=3, phase=0.07, x=40.0, y=-110.0, z=-80.0
ICrawl Update: leg=0, phase=0.58, x=60.0, y=110.0, z=-80.0
ICrawl Update: leg=1, phase=0.58, x=-60.0, y=110.0, z=-80.0
ICrawl Update: leg=2, phase=0.08, x=-68.0, y=-110.0, z=-55.0
ICrawl Update: leg=3, phase=0.08, x=40.0, y=-110.0, z=-80.0
ICrawl Update: leg=0, phase=0.59, x=60.0, y=110.0, z=-80.0
ICrawl Update: leg=1, phase=0.59, x=-60.0, y=110.0, z=-80.0
ICrawl Update: leg=2, phase=0.09, x=-64.0, y=-110.0, z=-55.0
ICrawl Update: leg=3, phase=0.09, x=40.0, y=-110.0, z=-80.0
ICrawl Update: leg=0, phase=0.60, x=60.0, y=110.0, z=-80.0
ICrawl Update: leg=1, phase=0.60, x=-60.0, y=110.0, z=-80.0
ICrawl Update: leg=2, phase=0.10, x=-60.0, y=-110.0, z=-55.0
ICrawl Update: leg=3, phase=0.10, x=40.0, y=-110.0, z=-80.0
ICrawl Update: leg=0, phase=0.61, x=60.0, y=110.0, z=-80.0
ICrawl Update: leg=1, phase=0.61, x=-60.0, y=110.0, z=-80.0
ICrawl Update: leg=2, phase=0.11, x=-56.0, y=-110.0, z=-55.0
ICrawl Update: leg=3, phase=0.11, x=40.0, y=-110.0, z=-80.0
ICrawl Update: leg=0, phase=0.62, x=60.0, y=110.0, z=-80.0
ICrawl Update: leg=1, phase=0.62, x=-60.0, y=110.0, z=-80.0
ICrawl Update: leg=2, phase=0.12, x=-52.0, y=-110.0, z=-55.0
ICrawl Update: leg=3, phase=0.12, x=40.0, y=-110.0, z=-80.0
ICrawl Update: leg=0, phase=0.63, x=60.0, y=110.0, z=-80.0
ICrawl Update: leg=1, phase=0.63, x=-60.0, y=110.0, z=-80.0
ICrawl Update: leg=2, phase=0.13, x=-48.0, y=-110.0, z=-55.0
ICrawl Update: leg=3, phase=0.13, x=40.0, y=-110.0, z=-80.0
ICrawl Update: leg=0, phase=0.64, x=60.0, y=110.0, z=-80.0
ICrawl Update: leg=1, phase=0.64, x=-60.0, y=110.0, z=-80.0
ICrawl Update: leg=2, phase=0.14, x=-44.0, y=-110.0, z=-55.0
ICrawl Update: leg=3, phase=0.14, x=40.0, y=-110.0, z=-80.0
ICrawl Update: leg=0, phase=0.65, x=60.0, y=110.0, z=-80.0
ICrawl Update: leg=1, phase=0.65, x=-60.0, y=110.0, z=-80.0
ICrawl Update: leg=2, phase=0.15, x=-40.0, y=-110.0, z=-55.0
ICrawl Update: leg=3, phase=0.15, x=40.0, y=-110.0, z=-80.0
ICrawl Update: leg=0, phase=0.66, x=60.0, y=110.0, z=-80.0
ICrawl Update: leg=1, phase=0.66, x=-60.0, y=110.0, z=-80.0
ICrawl Update: leg=2, phase=0.16, x=-40.0, y=-110.0, z=-60.0
ICrawl Update: leg=3, phase=0.16, x=40.0, y=-110.0, z=-80.0
ICrawl Update: leg=0, phase=0.67, x=60.0, y=110.0, z=-80.0
ICrawl Update: leg=1, phase=0.67, x=-60.0, y=110.0, z=-80.0
ICrawl Update: leg=2, phase=0.17, x=-40.0, y=-110.0, z=-65.0
ICrawl Update: leg=3, phase=0.17, x=40.0, y=-110.0, z=-80.0
ICrawl Update: leg=0, phase=0.68, x=60.0, y=110.0, z=-80.0
ICrawl Update: leg=1, phase=0.68, x=-60.0, y=110.0, z=-80.0
ICrawl Update: leg=2, phase=0.18, x=-40.0, y=-110.0, z=-70.0
ICrawl Update: leg=3, phase=0.18, x=40.0, y=-110.0, z=-80.0
ICrawl Update: leg=0, phase=0.69, x=60.0, y=110.0, z=-80.0
ICrawl Update: leg=1, phase=0.69, x=-60.0, y=110.0, z=-80.0
ICrawl Update: leg=2, phase=0.19, x=-40.0, y=-110.0, z=-75.0
ICrawl Update: leg=3, phase=0.19, x=40.0, y=-110.0, z=-80.0
ICrawl Update: leg=0, phase=0.70, x=60.0, y=110.0, z=-80.0
ICrawl Update: leg=1, phase=0.70, x=-60.0, y=110.0, z=-80.0
ICrawl Update: leg=2, phase=0.20, x=-40.0, y=-110.0, z=-80.0
ICrawl Update: leg=3, phase=0.20, x=40.0, y=-110.0, z=-80.0
ICrawl Update: leg=0, phase=0.71, x=60.0, y=110.0, z=-80.0
ICrawl Update: leg=1, phase=0.71, x=-60.0, y=110.0, z=-80.0
ICrawl Update: leg=2, phase=0.21, x=-40.0, y=-110.0, z=-80.0
ICrawl Update: leg=3, phase=0.21, x=40.0, y=-110.0, z=-75.0
ICrawl Update: leg=0, phase=0.72, x=60.0, y=110.0, z=-80.0
ICrawl Update: leg=1, phase=0.72, x=-60.0, y=110.0, z=-80.0
ICrawl Update: leg=2, phase=0.22, x=-40.0, y=-110.0, z=-80.0
ICrawl Update: leg=3, phase=0.22, x=40.0, y=-110.0, z=-70.0
ICrawl Update: leg=0, phase=0.73, x=60.0, y=110.0, z=-80.0
ICrawl Update: leg=1, phase=0.73, x=-60.0, y=110.0, z=-80.0
ICrawl Update: leg=2, phase=0.23, x=-40.0, y=-110.0, z=-80.0
ICrawl Update: leg=3, phase=0.23, x=40.0, y=-110.0, z=-65.0
ICrawl Update: leg=0, phase=0.74, x=60.0, y=110.0, z=-80.0
ICrawl Update: leg=1, phase=0.74, x=-60.0, y=110.0, z=-80.0
ICrawl Update: leg=2, phase=0.24, x=-40.0, y=-110.0, z=-80.0
ICrawl Update: leg=3, phase=0.24, x=40.0, y=-110.0, z=-60.0
ICrawl Update: leg=0, phase=0.75, x=60.0, y=110.0, z=-80.0
ICrawl Update: leg=1, phase=0.75, x=-60.0, y=110.0, z=-80.0
ICrawl Update: leg=2, phase=0.25, x=-40.0, y=-110.0, z=-80.0
ICrawl Update: leg=3, phase=0.25, x=40.0, y=-110.0, z=-55.0
ICrawl Update: leg=0, phase=0.76, x=60.0, y=110.0, z=-80.0
ICrawl Update: leg=1, phase=0.76, x=-60.0, y=110.0, z=-80.0
ICrawl Update: leg=2, phase=0.26, x=-40.0, y=-110.0, z=-80.0
ICrawl Update: leg=3, phase=0.26, x=44.0, y=-110.0, z=-55.0
ICrawl Update: leg=0, phase=0.77, x=60.0, y=110.0, z=-80.0
ICrawl Update: leg=1, phase=0.77, x=-60.0, y=110.0, z=-80.0
ICrawl Update: leg=2, phase=0.27, x=-40.0, y=-110.0, z=-80.0
ICrawl Update: leg=3, phase=0.27, x=48.0, y=-110.0, z=-55.0
ICrawl Update: leg=0, phase=0.78, x=60.0, y=110.0, z=-80.0
ICrawl Update: leg=1, phase=0.78, x=-60.0, y=110.0, z=-80.0
ICrawl Update: leg=2, phase=0.28, x=-40.0, y=-110.0, z=-80.0
ICrawl Update: leg=3, phase=0.28, x=52.0, y=-110.0, z=-55.0
ICrawl Update: leg=0, phase=0.79, x=60.0, y=110.0, z=-80.0
ICrawl Update: leg=1, phase=0.79, x=-60.0, y=110.0, z=-80.0
ICrawl Update: leg=2, phase=0.29, x=-40.0, y=-110.0, z=-80.0
ICrawl Update: leg=3, phase=0.29, x=56.0, y=-110.0, z=-55.0
ICrawl Update: leg=0, phase=0.80, x=60.0, y=110.0, z=-80.0
ICrawl Update: leg=1, phase=0.80, x=-60.0, y=110.0, z=-80.0
ICrawl Update: leg=2, phase=0.30, x=-40.0, y=-110.0, z=-80.0
ICrawl Update: leg=3, phase=0.30, x=60.0, y=-110.0, z=-55.0
ICrawl Update: leg=0, phase=0.81, x=60.0, y=110.0, z=-80.0
ICrawl Update: leg=1, phase=0.81, x=-60.0, y=110.0, z=-80.0
ICrawl Update: leg=2, phase=0.31, x=-40.0, y=-110.0, z=-80.0
ICrawl Update: leg=3, phase=0.31, x=64.0, y=-110.0, z=-55.0
ICrawl Update: leg=0, phase=0.82, x=60.0, y=110.0, z=-80.0
ICrawl Update: leg=1, phase=0.82, x=-60.0, y=110.0, z=-80.0
ICrawl Update: leg=2, phase=0.32, x=-40.0, y=-110.0, z=-80.0
ICrawl Update: leg=3, phase=0.32, x=68.0, y=-110.0, z=-55.0
ICrawl Update: leg=0, phase=0.83, x=60.0, y=110.0, z=-80.0
ICrawl Update: leg=1, phase=0.83, x=-60.0, y=110.0, z=-80.0
ICrawl Update: leg=2, phase=0.33, x=-40.0, y=-110.0, z=-80.0
ICrawl Update: leg=3, phase=0.33, x=72.0, y=-110.0, z=-55.0
ICrawl Update: leg=0, phase=0.84, x=60.0, y=110.0, z=-80.0
ICrawl Update: leg=1, phase=0.84, x=-60.0, y=110.0, z=-80.0
ICrawl Update: leg=2, phase=0.34, x=-40.0, y=-110.0, z=-80.0
ICrawl Update: leg=3, phase=0.34, x=76.0, y=-110.0, z=-55.0
ICrawl Update: leg=0, phase=0.85, x=60.0, y=110.0, z=-80.0
ICrawl Update: leg=1, phase=0.85, x=-60.0, y=110.0, z=-80.0
ICrawl Update: leg=2, phase=0.35, x=-40.0, y=-110.0, z=-80.0
ICrawl Update: leg=3, phase=0.35, x=80.0, y=-110.0, z=-55.0
ICrawl Update: leg=0, phase=0.86, x=60.0, y=110.0, z=-80.0
ICrawl Update: leg=1, phase=0.86, x=-60.0, y=110.0, z=-80.0
ICrawl Update: leg=2, phase=0.36, x=-40.0, y=-110.0, z=-80.0
ICrawl Update: leg=3, phase=0.36, x=80.0, y=-110.0, z=-60.0
ICrawl Update: leg=0, phase=0.87, x=60.0, y=110.0, z=-80.0
ICrawl Update: leg=1, phase=0.87, x=-60.0, y=110.0, z=-80.0
ICrawl Update: leg=2, phase=0.37, x=-40.0, y=-110.0, z=-80.0
ICrawl Update: leg=3, phase=0.37, x=80.0, y=-110.0, z=-65.0
ICrawl Update: leg=0, phase=0.88, x=60.0, y=110.0, z=-80.0
ICrawl Update: leg=1, phase=0.88, x=-60.0, y=110.0, z=-80.0
ICrawl Update: leg=2, phase=0.38, x=-40.0, y=-110.0, z=-80.0
ICrawl Update: leg=3, phase=0.38, x=80.0, y=-110.0, z=-70.0
ICrawl Update: leg=0, phase=0.89, x=60.0, y=110.0, z=-80.0
ICrawl Update: leg=1, phase=0.89, x=-60.0, y=110.0, z=-80.0
ICrawl Update: leg=2, phase=0.39, x=-40.0, y=-110.0, z=-80.0
ICrawl Update: leg=3, phase=0.39, x=80.0, y=-110.0, z=-75.0
ICrawl Update: leg=0, phase=0.90, x=60.0, y=110.0, z=-80.0
ICrawl Update: leg=1, phase=0.90, x=-60.0, y=110.0, z=-80.0
ICrawl Update: leg=2, phase=0.40, x=-40.0, y=-110.0, z=-80.0
ICrawl Update: leg=3, phase=0.40, x=80.0, y=-110.0, z=-80.0
ICrawl Update: leg=0, phase=0.91, x=58.0, y=110.0, z=-80.0
ICrawl Update: leg=1, phase=0.91, x=-62.0, y=110.0, z=-80.0
ICrawl Update: leg=2, phase=0.41, x=-42.0, y=-110.0, z=-80.0
ICrawl Update: leg=3, phase=0.41, x=78.0, y=-110.0, z=-80.0
ICrawl Update: leg=0, phase=0.92, x=56.0, y=110.0, z=-80.0
ICrawl Update: leg=1, phase=0.92, x=-64.0, y=110.0, z=-80.0
ICrawl Update: leg=2, phase=0.42, x=-44.0, y=-110.0, z=-80.0
ICrawl Update: leg=3, phase=0.42, x=76.0, y=-110.0, z=-80.0
ICrawl Update: leg=0, phase=0.93, x=54.0, y=110.0, z=-80.0
ICrawl Update: leg=1, phase=0.93, x=-66.0, y=110.0, z=-80.0
ICrawl Update: leg=2, phase=0.43, x=-46.0, y=-110.0, z=-80.0
ICrawl Update: leg=3, phase=0.43, x=74.0, y=-110.0, z=-80.0
ICrawl Update: leg=0, phase=0.94, x=52.0, y=110.0, z=-80.0
ICrawl Update: leg=1, phase=0.94, x=-68.0, y=110.0, z=-80.0
ICrawl Update: leg=2, phase=0.44, x=-48.0, y=-110.0, z=-80.0
ICrawl Update: leg=3, phase=0.44, x=72.0, y=-110.0, z=-80.0
ICrawl Update: leg=0, phase=0.95, x=50.0, y=110.0, z=-80.0
ICrawl Update: leg=1, phase=0.95, x=-70.0, y=110.0, z=-80.0
ICrawl Update: leg=2, phase=0.45, x=-50.0, y=-110.0, z=-80.0
ICrawl Update: leg=3, phase=0.45, x=70.0, y=-110.0, z=-80.0
ICrawl Update: leg=0, phase=0.96, x=48.0, y=110.0, z=-80.0
ICrawl Update: leg=1, phase=0.96, x=-72.0, y=110.0, z=-80.0
ICrawl Update: leg=2, phase=0.46, x=-52.0, y=-110.0, z=-80.0
ICrawl Update: leg=3, phase=0.46, x=68.0, y=-110.0, z=-80.0
ICrawl Update: leg=0, phase=0.97, x=46.0, y=110.0, z=-80.0
ICrawl Update: leg=1, phase=0.97, x=-74.0, y=110.0, z=-80.0
ICrawl Update: leg=2, phase=0.47, x=-54.0, y=-110.0, z=-80.0
ICrawl Update: leg=3, phase=0.47, x=66.0, y=-110.0, z=-80.0
ICrawl Update: leg=0, phase=0.98, x=44.0, y=110.0, z=-80.0
ICrawl Update: leg=1, phase=0.98, x=-76.0, y=110.0, z=-80.0
ICrawl Update: leg=2, phase=0.48, x=-56.0, y=-110.0, z=-80.0
ICrawl Update: leg=3, phase=0.48, x=64.0, y=-110.0, z=-80.0
ICrawl Update: leg=0, phase=0.99, x=42.0, y=110.0, z=-80.0
ICrawl Update: leg=1, phase=0.99, x=-78.0, y=110.0, z=-80.0
ICrawl Update: leg=2, phase=0.49, x=-58.0, y=-110.0, z=-80.0
ICrawl Update: leg=3, phase=0.49, x=62.0, y=-110.0, z=-80.0
ICrawl Update: leg=0, phase=0.00, x=40.0, y=110.0, z=-80.0
ICrawl Update: leg=1, phase=0.00, x=-80.0, y=110.0, z=-80.0
ICrawl Update: leg=2, phase=0.50, x=-60.0, y=-110.0, z=-80.0
ICrawl Update: leg=3, phase=0.50, x=60.0, y=-110.0, z=-80.0
ICrawl Update: leg=0, phase=0.01, x=40.0, y=110.0, z=-80.0
ICrawl Update: leg=1, phase=0.01, x=-80.0, y=110.0, z=-75.0
ICrawl Update: leg=2, phase=0.51, x=-60.0, y=-110.0, z=-80.0
ICrawl Update: leg=3, phase=0.51, x=60.0, y=-110.0, z=-80.0
ICrawl Update: leg=0, phase=0.02, x=40.0, y=110.0, z=-80.0
ICrawl Update: leg=1, phase=0.02, x=-80.0, y=110.0, z=-70.0
ICrawl Update: leg=2, phase=0.52, x=-60.0, y=-110.0, z=-80.0
ICrawl Update: leg=3, phase=0.52, x=60.0, y=-110.0, z=-80.0
ICrawl Update: leg=0, phase=0.03, x=40.0, y=110.0, z=-80.0
ICrawl Update: leg=1, phase=0.03, x=-80.0, y=110.0, z=-65.0
ICrawl Update: leg=2, phase=0.53, x=-60.0, y=-110.0, z=-80.0
ICrawl Update: leg=3, phase=0.53, x=60.0, y=-110.0, z=-80.0
ICrawl Update: leg=0, phase=0.04, x=40.0, y=110.0, z=-80.0
ICrawl Update: leg=1, phase=0.04, x=-80.0, y=110.0, z=-60.0
ICrawl Update: leg=2, phase=0.54, x=-60.0, y=-110.0, z=-80.0
ICrawl Update: leg=3, phase=0.54, x=60.0, y=-110.0, z=-80.0
ICrawl Update: leg=0, phase=0.05, x=40.0, y=110.0, z=-80.0
ICrawl Update: leg=1, phase=0.05, x=-80.0, y=110.0, z=-55.0
ICrawl Update: leg=2, phase=0.55, x=-60.0, y=-110.0, z=-80.0
ICrawl Update: leg=3, phase=0.55, x=60.0, y=-110.0, z=-80.0
ICrawl Update: leg=0, phase=0.06, x=40.0, y=110.0, z=-80.0
ICrawl Update: leg=1, phase=0.06, x=-76.0, y=110.0, z=-55.0
ICrawl Update: leg=2, phase=0.56, x=-60.0, y=-110.0, z=-80.0
ICrawl Update: leg=3, phase=0.56, x=60.0, y=-110.0, z=-80.0
ICrawl Update: leg=0, phase=0.07, x=40.0, y=110.0, z=-80.0
ICrawl Update: leg=1, phase=0.07, x=-72.0, y=110.0, z=-55.0
ICrawl Update: leg=2, phase=0.57, x=-60.0, y=-110.0, z=-80.0
ICrawl Update: leg=3, phase=0.57, x=60.0, y=-110.0, z=-80.0
ICrawl Update: leg=0, phase=0.08, x=40.0, y=110.0, z=-80.0
ICrawl Update: leg=1, phase=0.08, x=-68.0, y=110.0, z=-55.0
ICrawl Update: leg=2, phase=0.58, x=-60.0, y=-110.0, z=-80.0
ICrawl Update: leg=3, phase=0.58, x=60.0, y=-110.0, z=-80.0
ICrawl Update: leg=0, phase=0.09, x=40.0, y=110.0, z=-80.0
ICrawl Update: leg=1, phase=0.09, x=-64.0, y=110.0, z=-55.0
ICrawl Update: leg=2, phase=0.59, x=-60.0, y=-110.0, z=-80.0
ICrawl Update: leg=3, phase=0.59, x=60.0, y=-110.0, z=-80.0
ICrawl Update: leg=0, phase=0.10, x=40.0, y=110.0, z=-80.0
ICrawl Update: leg=1, phase=0.10, x=-60.0, y=110.0, z=-55.0
ICrawl Update: leg=2, phase=0.60, x=-60.0, y=-110.0, z=-80.0
ICrawl Update: leg=3, phase=0.60, x=60.0, y=-110.0, z=-80.0
ICrawl Update: leg=0, phase=0.11, x=40.0, y=110.0, z=-80.0
ICrawl Update: leg=1, phase=0.11, x=-56.0, y=110.0, z=-55.0
ICrawl Update: leg=2, phase=0.61, x=-60.0, y=-110.0, z=-80.0
ICrawl Update: leg=3, phase=0.61, x=60.0, y=-110.0, z=-80.0
ICrawl Update: leg=0, phase=0.12, x=40.0, y=110.0, z=-80.0
ICrawl Update: leg=1, phase=0.12, x=-52.0, y=110.0, z=-55.0
ICrawl Update: leg=2, phase=0.62, x=-60.0, y=-110.0, z=-80.0
ICrawl Update: leg=3, phase=0.62, x=60.0, y=-110.0, z=-80.0
ICrawl Update: leg=0, phase=0.13, x=40.0, y=110.0, z=-80.0
ICrawl Update: leg=1, phase=0.13, x=-48.0, y=110.0, z=-55.0
ICrawl Update: leg=2, phase=0.63, x=-60.0, y=-110.0, z=-80.0
ICrawl Update: leg=3, phase=0.63, x=60.0, y=-110.0, z=-80.0
ICrawl Update: leg=0, phase=0.14, x=40.0, y=110.0, z=-80.0
ICrawl Update: leg=1, phase=0.14, x=-44.0, y=110.0, z=-55.0
ICrawl Update: leg=2, phase=0.64, x=-60.0, y=-110.0, z=-80.0
ICrawl Update: leg=3, phase=0.64, x=60.0, y=-110.0, z=-80.0
ICrawl Update: leg=0, phase=0.15, x=40.0, y=110.0, z=-80.0
ICrawl Update: leg=1, phase=0.15, x=-40.0, y=110.0, z=-55.0
ICrawl Update: leg=2, phase=0.65, x=-60.0, y=-110.0, z=-80.0
ICrawl Update: leg=3, phase=0.65, x=60.0, y=-110.0, z=-80.0
ICrawl Update: leg=0, phase=0.16, x=40.0, y=110.0, z=-80.0
ICrawl Update: leg=1, phase=0.16, x=-40.0, y=110.0, z=-60.0
ICrawl Update: leg=2, phase=0.66, x=-60.0, y=-110.0, z=-80.0
ICrawl Update: leg=3, phase=0.66, x=60.0, y=-110.0, z=-80.0
ICrawl Update: leg=0, phase=0.17, x=40.0, y=110.0, z=-80.0
ICrawl Update: leg=1, phase=0.17, x=-40.0, y=110.0, z=-65.0
ICrawl Update: leg=2, phase=0.67, x=-60.0, y=-110.0, z=-80.0
ICrawl Update: leg=3, phase=0.67, x=60.0, y=-110.0, z=-80.0
ICrawl Update: leg=0, phase=0.18, x=40.0, y=110.0, z=-80.0
ICrawl Update: leg=1, phase=0.18, x=-40.0, y=110.0, z=-70.0
ICrawl Update: leg=2, phase=0.68, x=-60.0, y=-110.0, z=-80.0
ICrawl Update: leg=3, phase=0.68, x=60.0, y=-110.0, z=-80.0
ICrawl Update: leg=0, phase=0.19, x=40.0, y=110.0, z=-80.0
ICrawl Update: leg=1, phase=0.19, x=-40.0, y=110.0, z=-75.0
ICrawl Update: leg=2, phase=0.69, x=-60.0, y=-110.0, z=-80.0
ICrawl Update: leg=3, phase=0.69, x=60.0, y=-110.0, z=-80.0
ICrawl Update: leg=0, phase=0.20, x=40.0, y=110.0, z=-80.0
ICrawl Update: leg=1, phase=0.20, x=-40.0, y=110.0, z=-80.0
ICrawl Update: leg=2, phase=0.70, x=-60.0, y=-110.0, z=-80.0
ICrawl Update: leg=3, phase=0.70, x=60.0, y=-110.0, z=-80.0
ICrawl Update: leg=0, phase=0.21, x=40.0, y=110.0, z=-75.0
ICrawl Update: leg=1, phase=0.21, x=-40.0, y=110.0, z=-80.0
ICrawl Update: leg=2, phase=0.71, x=-60.0, y=-110.0, z=-80.0
ICrawl Update: leg=3, phase=0.71, x=60.0, y=-110.0, z=-80.0
ICrawl Update: leg=0, phase=0.22, x=40.0, y=110.0, z=-70.0
ICrawl Update: leg=1, phase=0.22, x=-40.0, y=110.0, z=-80.0
ICrawl Update: leg=2, phase=0.72, x=-60.0, y=-110.0, z=-80.0
ICrawl Update: leg=3, phase=0.72, x=60.0, y=-110.0, z=-80.0
ICrawl Update: leg=0, phase=0.23, x=40.0, y=110.0, z=-65.0
ICrawl Update: leg=1, phase=0.23, x=-40.0, y=110.0, z=-80.0
ICrawl Update: leg=2, phase=0.73, x=-60.0, y=-110.0, z=-80.0
ICrawl Update: leg=3, phase=0.73, x=60.0, y=-110.0, z=-80.0
ICrawl Update: leg=0, phase=0.24, x=40.0, y=110.0, z=-60.0
ICrawl Update: leg=1, phase=0.24, x=-40.0, y=110.0, z=-80.0
ICrawl Update: leg=2, phase=0.74, x=-60.0, y=-110.0, z=-80.0
ICrawl Update: leg=3, phase=0.74, x=60.0, y=-110.0, z=-80.0
ICrawl Update: leg=0, phase=0.25, x=40.0, y=110.0, z=-55.0
ICrawl Update: leg=1, phase=0.25, x=-40.0, y=110.0, z=-80.0
ICrawl Update: leg=2, phase=0.75, x=-60.0, y=-110.0, z=-80.0
ICrawl Update: leg=3, phase=0.75, x=60.0, y=-110.0, z=-80.0
ICrawl Update: leg=0, phase=0.26, x=44.0, y=110.0, z=-55.0
ICrawl Update: leg=1, phase=0.26, x=-40.0, y=110.0, z=-80.0
ICrawl Update: leg=2, phase=0.76, x=-60.0, y=-110.0, z=-80.0
ICrawl Update: leg=3, phase=0.76, x=60.0, y=-110.0, z=-80.0
ICrawl Update: leg=0, phase=0.27, x=48.0, y=110.0, z=-55.0
ICrawl Update: leg=1, phase=0.27, x=-40.0, y=110.0, z=-80.0
ICrawl Update: leg=2, phase=0.77, x=-60.0, y=-110.0, z=-80.0
ICrawl Update: leg=3, phase=0.77, x=60.0, y=-110.0, z=-80.0
ICrawl Update: leg=0, phase=0.28, x=52.0, y=110.0, z=-55.0
ICrawl Update: leg=1, phase=0.28, x=-40.0, y=110.0, z=-80.0
ICrawl Update: leg=2, phase=0.78, x=-60.0, y=-110.0, z=-80.0
ICrawl Update: leg=3, phase=0.78, x=60.0, y=-110.0, z=-80.0
ICrawl Update: leg=0, phase=0.29, x=56.0, y=110.0, z=-55.0
ICrawl Update: leg=1, phase=0.29, x=-40.0, y=110.0, z=-80.0
ICrawl Update: leg=2, phase=0.79, x=-60.0, y=-110.0, z=-80.0
ICrawl Update: leg=3, phase=0.79, x=60.0, y=-110.0, z=-80.0
ICrawl Update: leg=0, phase=0.30, x=60.0, y=110.0, z=-55.0
ICrawl Update: leg=1, phase=0.30, x=-40.0, y=110.0, z=-80.0
ICrawl Update: leg=2, phase=0.80, x=-60.0, y=-110.0, z=-80.0
ICrawl Update: leg=3, phase=0.80, x=60.0, y=-110.0, z=-80.0
ICrawl Update: leg=0, phase=0.31, x=64.0, y=110.0, z=-55.0
ICrawl Update: leg=1, phase=0.31, x=-40.0, y=110.0, z=-80.0
ICrawl Update: leg=2, phase=0.81, x=-60.0, y=-110.0, z=-80.0
ICrawl Update: leg=3, phase=0.81, x=60.0, y=-110.0, z=-80.0
ICrawl Update: leg=0, phase=0.32, x=68.0, y=110.0, z=-55.0
ICrawl Update: leg=1, phase=0.32, x=-40.0, y=110.0, z=-80.0
ICrawl Update: leg=2, phase=0.82, x=-60.0, y=-110.0, z=-80.0
ICrawl Update: leg=3, phase=0.82, x=60.0, y=-110.0, z=-80.0
ICrawl Update: leg=0, phase=0.33, x=72.0, y=110.0, z=-55.0
ICrawl Update: leg=1, phase=0.33, x=-40.0, y=110.0, z=-80.0
ICrawl Update: leg=2, phase=0.83, x=-60.0, y=-110.0, z=-80.0
ICrawl Update: leg=3, phase=0.83, x=60.0, y=-110.0, z=-80.0
ICrawl Update: leg=0, phase=0.34, x=76.0, y=110.0, z=-55.0
ICrawl Update: leg=1, phase=0.34, x=-40.0, y=110.0, z=-80.0
ICrawl Update: leg=2, phase=0.84, x=-60.0, y=-110.0, z=-80.0
ICrawl Update: leg=3, phase=0.84, x=60.0, y=-110.0, z=-80.0
ICrawl Update: leg=0, phase=0.35, x=80.0, y=110.0, z=-55.0
ICrawl Update: leg=1, phase=0.35, x=-40.0, y=110.0, z=-80.0
ICrawl Update: leg=2, phase=0.85, x=-60.0, y=-110.0, z=-80.0
ICrawl Update: leg=3, phase=0.85, x=60.0, y=-110.0, z=-80.0
ICrawl Update: leg=0, phase=0.36, x=80.0, y=110.0, z=-60.0
ICrawl Update: leg=1, phase=0.36, x=-40.0, y=110.0, z=-80.0
ICrawl Update: leg=2, phase=0.86, x=-60.0, y=-110.0, z=-80.0
ICrawl Update: leg=3, phase=0.86, x=60.0, y=-110.0, z=-80.0
ICrawl Update: leg=0, phase=0.37, x=80.0, y=110.0, z=-65.0
ICrawl Update: leg=1, phase=0.37, x=-40.0, y=110.0, z=-80.0
ICrawl Update: leg=2, phase=0.87, x=-60.0, y=-110.0, z=-80.0
ICrawl Update: leg=3, phase=0.87, x=60.0, y=-110.0, z=-80.0
ICrawl Update: leg=0, phase=0.38, x=80.0, y=110.0, z=-70.0
ICrawl Update: leg=1, phase=0.38, x=-40.0, y=110.0, z=-80.0
ICrawl Update: leg=2, phase=0.88, x=-60.0, y=-110.0, z=-80.0
ICrawl Update: leg=3, phase=0.88, x=60.0, y=-110.0, z=-80.0
ICrawl Update: leg=0, phase=0.39, x=80.0, y=110.0, z=-75.0
ICrawl Update: leg=1, phase=0.39, x=-40.0, y=110.0, z=-80.0
ICrawl Update: leg=2, phase=0.89, x=-60.0, y=-110.0, z=-80.0
ICrawl Update: leg=3, phase=0.89, x=60.0, y=-110.0, z=-80.0
ICrawl Update: leg=0, phase=0.40, x=80.0, y=110.0, z=-80.0
ICrawl Update: leg=1, phase=0.40, x=-40.0, y=110.0, z=-80.0
ICrawl Update: leg=2, phase=0.90, x=-60.0, y=-110.0, z=-80.0
ICrawl Update: leg=3, phase=0.90, x=60.0, y=-110.0, z=-80.0
ICrawl Update: leg=0, phase=0.41, x=78.0, y=110.0, z=-80.0
ICrawl Update: leg=1, phase=0.41, x=-42.0, y=110.0, z=-80.0
ICrawl Update: leg=2, phase=0.91, x=-62.0, y=-110.0, z=-80.0
ICrawl Update: leg=3, phase=0.91, x=58.0, y=-110.0, z=-80.0
ICrawl Update: leg=0, phase=0.42, x=76.0, y=110.0, z=-80.0
ICrawl Update: leg=1, phase=0.42, x=-44.0, y=110.0, z=-80.0
ICrawl Update: leg=2, phase=0.92, x=-64.0, y=-110.0, z=-80.0
ICrawl Update: leg=3, phase=0.92, x=56.0, y=-110.0, z=-80.0
ICrawl Update: leg=0, phase=0.43, x=74.0, y=110.0, z=-80.0
ICrawl Update: leg=1, phase=0.43, x=-46.0, y=110.0, z=-80.0
ICrawl Update: leg=2, phase=0.93, x=-66.0, y=-110.0, z=-80.0
ICrawl Update: leg=3, phase=0.93, x=54.0, y=-110.0, z=-80.0
ICrawl Update: leg=0, phase=0.44, x=72.0, y=110.0, z=-80.0
ICrawl Update: leg=1, phase=0.44, x=-48.0, y=110.0, z=-80.0
ICrawl Update: leg=2, phase=0.94, x=-68.0, y=-110.0, z=-80.0
ICrawl Update: leg=3, phase=0.94, x=52.0, y=-110.0, z=-80.0
ICrawl Update: leg=0, phase=0.45, x=70.0, y=110.0, z=-80.0
ICrawl Update: leg=1, phase=0.45, x=-50.0, y=110.0, z=-80.0
ICrawl Update: leg=2, phase=0.95, x=-70.0, y=-110.0, z=-80.0
ICrawl Update: leg=3, phase=0.95, x=50.0, y=-110.0, z=-80.0
ICrawl Update: leg=0, phase=0.46, x=68.0, y=110.0, z=-80.0
ICrawl Update: leg=1, phase=0.46, x=-52.0, y=110.0, z=-80.0
ICrawl Update: leg=2, phase=0.96, x=-72.0, y=-110.0, z=-80.0
ICrawl Update: leg=3, phase=0.96, x=48.0, y=-110.0, z=-80.0
ICrawl Update: leg=0, phase=0.47, x=66.0, y=110.0, z=-80.0
ICrawl Update: leg=1, phase=0.47, x=-54.0, y=110.0, z=-80.0
ICrawl Update: leg=2, phase=0.97, x=-74.0, y=-110.0, z=-80.0
ICrawl Update: leg=3, phase=0.97, x=46.0, y=-110.0, z=-80.0
ICrawl Update: leg=0, phase=0.48, x=64.0, y=110.0, z=-80.0
ICrawl Update: leg=1, phase=0.48, x=-56.0, y=110.0, z=-80.0
ICrawl Update: leg=2, phase=0.98, x=-76.0, y=-110.0, z=-80.0
ICrawl Update: leg=3, phase=0.98, x=44.0, y=-110.0, z=-80.0
ICrawl Update: leg=0, phase=0.49, x=62.0, y=110.0, z=-80.0
ICrawl Update: leg=1, phase=0.49, x=-58.0, y=110.0, z=-80.0
ICrawl Update: leg=2, phase=0.99, x=-78.0, y=-110.0, z=-80.0
ICrawl Update: leg=3, phase=0.99, x=42.0, y=-110.0, z=-80.0
ICrawl Update: leg=0, phase=0.50, x=60.0, y=110.0, z=-80.0
ICrawl Update: leg=1, phase=0.50, x=-60.0, y=110.0, z=-80.0
ICrawl Update: leg=2, phase=0.00, x=-80.0, y=-110.0, z=-80.0
ICrawl Update: leg=3, phase=0.00, x=40.0, y=-110.0, z=-80.0
ICrawl Update: leg=0, phase=0.51, x=60.0, y=110.0, z=-80.0
ICrawl Update: leg=1, phase=0.51, x=-60.0, y=110.0, z=-80.0
ICrawl Update: leg=2, phase=0.01, x=-80.0, y=-110.0, z=-75.0
ICrawl Update: leg=3, phase=0.01, x=40.0, y=-110.0, z=-80.0
ICrawl Update: leg=0, phase=0.52, x=60.0, y=110.0, z=-80.0
ICrawl Update: leg=1, phase=0.52, x=-60.0, y=110.0, z=-80.0
ICrawl Update: leg=2, phase=0.02, x=-80.0, y=-110.0, z=-70.0
ICrawl Update: leg=3, phase=0.02, x=40.0, y=-110.0, z=-80.0
ICrawl Update: leg=0, phase=0.53, x=60.0, y=110.0, z=-80.0
ICrawl Update: leg=1, phase=0.53, x=-60.0, y=110.0, z=-80.0
ICrawl Update: leg=2, phase=0.03, x=-80.0, y=-110.0, z=-65.0
ICrawl Update: leg=3, phase=0.03, x=40.0, y=-110.0, z=-80.0
ICrawl Update: leg=0, phase=0.54, x=60.0, y=110.0, z=-80.0
ICrawl Update: leg=1, phase=0.54, x=-60.0, y=110.0, z=-80.0
ICrawl Update: leg=2, phase=0.04, x=-80.0, y=-110.0, z=-60.0
ICrawl Update: leg=3, phase=0.04, x=40.0, y=-110.0, z=-80.0
ICrawl Update: leg=0, phase=0.55, x=60.0, y=110.0, z=-80.0
ICrawl Update: leg=1, phase=0.55, x=-60.0, y=110.0, z=-80.0
ICrawl Update: leg=2, phase=0.05, x=-80.0, y=-110.0, z=-55.0
ICrawl Update: leg=3, phase=0.05, x=40.0, y=-110.0, z=-80.0
ICrawl Update: leg=0, phase=0.56, x=60.0, y=110.0, z=-80.0
ICrawl Update: leg=1, phase=0.56, x=-60.0, y=110.0, z=-80.0
ICrawl Update: leg=2, phase=0.06, x=-76.0, y=-110.0, z=-55.0
ICrawl Update: leg=3, phase=0.06, x=40.0, y=-110.0, z=-80.0
ICrawl Update: leg=0, phase=0.57, x=60.0, y=110.0, z=-80.0
ICrawl Update: leg=1, phase=0.57, x=-60.0, y=110.0, z=-80.0
ICrawl Update: leg=2, phase=0.07, x=-72.0, y=-110.0, z=-55.0
ICrawl Update: leg=3, phase=0.07, x=40.0, y=-110.0, z=-80.0
ICrawl Update: leg=0, phase=0.58, x=60.0, y=110.0, z=-80.0
ICrawl Update: leg=1, phase=0.58, x=-60.0, y=110.0, z=-80.0
ICrawl Update: leg=2, phase=0.08, x=-68.0, y=-110.0, z=-55.0
ICrawl Update: leg=3, phase=0.08, x=40.0, y=-110.0, z=-80.0
ICrawl Update: leg=0, phase=0.59, x=60.0, y=110.0, z=-80.0
ICrawl Update: leg=1, phase=0.59, x=-60.0, y=110.0, z=-80.0
ICrawl Update: leg=2, phase=0.09, x=-64.0, y=-110.0, z=-55.0
ICrawl Update: leg=3, phase=0.09, x=40.0, y=-110.0, z=-80.0
ICrawl Update: leg=0, phase=0.60, x=60.0, y=110.0, z=-80.0
ICrawl Update: leg=1, phase=0.60, x=-60.0, y=110.0, z=-80.0
ICrawl Update: leg=2, phase=0.10, x=-60.0, y=-110.0, z=-55.0
ICrawl Update: leg=3, phase=0.10, x=40.0, y=-110.0, z=-80.0
ICrawl Update: leg=0, phase=0.61, x=60.0, y=110.0, z=-80.0
ICrawl Update: leg=1, phase=0.61, x=-60.0, y=110.0, z=-80.0
ICrawl Update: leg=2, phase=0.11, x=-56.0, y=-110.0, z=-55.0
ICrawl Update: leg=3, phase=0.11, x=40.0, y=-110.0, z=-80.0
ICrawl Update: leg=0, phase=0.62, x=60.0, y=110.0, z=-80.0
ICrawl Update: leg=1, phase=0.62, x=-60.0, y=110.0, z=-80.0
ICrawl Update: leg=2, phase=0.12, x=-52.0, y=-110.0, z=-55.0
ICrawl Update: leg=3, phase=0.12, x=40.0, y=-110.0, z=-80.0
ICrawl Update: leg=0, phase=0.63, x=60.0, y=110.0, z=-80.0
ICrawl Update: leg=1, phase=0.63, x=-60.0, y=110.0, z=-80.0
ICrawl Update: leg=2, phase=0.13, x=-48.0, y=-110.0, z=-55.0
ICrawl Update: leg=3, phase=0.13, x=40.0, y=-110.0, z=-80.0
ICrawl Update: leg=0, phase=0.64, x=60.0, y=110.0, z=-80.0
ICrawl Update: leg=1, phase=0.64, x=-60.0, y=110.0, z=-80.0
ICrawl Update: leg=2, phase=0.14, x=-44.0, y=-110.0, z=-55.0
ICrawl Update: leg=3, phase=0.14, x=40.0, y=-110.0, z=-80.0
ICrawl Update: leg=0, phase=0.65, x=60.0, y=110.0, z=-80.0
ICrawl Update: leg=1, phase=0.65, x=-60.0, y=110.0, z=-80.0
ICrawl Update: leg=2, phase=0.15, x=-40.0, y=-110.0, z=-55.0
ICrawl Update: leg=3, phase=0.15, x=40.0, y=-110.0, z=-80.0
ICrawl Update: leg=0, phase=0.66, x=60.0, y=110.0, z=-80.0
ICrawl Update: leg=1, phase=0.66, x=-60.0, y=110.0, z=-80.0
ICrawl Update: leg=2, phase=0.16, x=-40.0, y=-110.0, z=-60.0
ICrawl Update: leg=3, phase=0.16, x=40.0, y=-110.0, z=-80.0
ICrawl Update: leg=0, phase=0.67, x=60.0, y=110.0, z=-80.0
ICrawl Update: leg=1, phase=0.67, x=-60.0, y=110.0, z=-80.0
ICrawl Update: leg=2, phase=0.17, x=-40.0, y=-110.0, z=-65.0
ICrawl Update: leg=3, phase=0.17, x=40.0, y=-110.0, z=-80.0
ICrawl Update: leg=0, phase=0.68, x=60.0, y=110.0, z=-80.0
ICrawl Update: leg=1, phase=0.68, x=-60.0, y=110.0, z=-80.0
ICrawl Update: leg=2, phase=0.18, x=-40.0, y=-110.0, z=-70.0
ICrawl Update: leg=3, phase=0.18, x=40.0, y=-110.0, z=-80.0
ICrawl Update: leg=0, phase=0.69, x=60.0, y=110.0, z=-80.0
ICrawl Update: leg=1, phase=0.69, x=-60.0, y=110.0, z=-80.0
ICrawl Update: leg=2, phase=0.19, x=-40.0, y=-110.0, z=-75.0
ICrawl Update: leg=3, phase=0.19, x=40.0, y=-110.0, z=-80.0
ICrawl Update: leg=0, phase=0.70, x=60.0, y=110.0, z=-80.0
ICrawl Update: leg=1, phase=0.70, x=-60.0, y=110.0, z=-80.0
ICrawl Update: leg=2, phase=0.20, x=-40.0, y=-110.0, z=-80.0
ICrawl Update: leg=3, phase=0.20, x=40.0, y=-110.0, z=-80.0
ICrawl Update: leg=0, phase=0.71, x=60.0, y=110.0, z=-80.0
ICrawl Update: leg=1, phase=0.71, x=-60.0, y=110.0, z=-80.0
ICrawl Update: leg=2, phase=0.21, x=-40.0, y=-110.0, z=-80.0
ICrawl Update: leg=3, phase=0.21, x=40.0, y=-110.0, z=-75.0
ICrawl Update: leg=0, phase=0.72, x=60.0, y=110.0, z=-80.0
ICrawl Update: leg=1, phase=0.72, x=-60.0, y=110.0, z=-80.0
ICrawl Update: leg=2, phase=0.22, x=-40.0, y=-110.0, z=-80.0
ICrawl Update: leg=3, phase=0.22, x=40.0, y=-110.0, z=-70.0
ICrawl Update: leg=0, phase=0.73, x=60.0, y=110.0, z=-80.0
ICrawl Update: leg=1, phase=0.73, x=-60.0, y=110.0, z=-80.0
ICrawl Update: leg=2, phase=0.23, x=-40.0, y=-110.0, z=-80.0
ICrawl Update: leg=3, phase=0.23, x=40.0, y=-110.0, z=-65.0
ICrawl Update: leg=0, phase=0.74, x=60.0, y=110.0, z=-80.0
ICrawl Update: leg=1, phase=0.74, x=-60.0, y=110.0, z=-80.0
ICrawl Update: leg=2, phase=0.24, x=-40.0, y=-110.0, z=-80.0
ICrawl Update: leg=3, phase=0.24, x=40.0, y=-110.0, z=-60.0
ICrawl Update: leg=0, phase=0.75, x=60.0, y=110.0, z=-80.0
ICrawl Update: leg=1, phase=0.75, x=-60.0, y=110.0, z=-80.0
ICrawl Update: leg=2, phase=0.25, x=-40.0, y=-110.0, z=-80.0
ICrawl Update: leg=3, phase=0.25, x=40.0, y=-110.0, z=-55.0
ICrawl Update: leg=0, phase=0.76, x=60.0, y=110.0, z=-80.0
ICrawl Update: leg=1, phase=0.76, x=-60.0, y=110.0, z=-80.0
ICrawl Update: leg=2, phase=0.26, x=-40.0, y=-110.0, z=-80.0
ICrawl Update: leg=3, phase=0.26, x=44.0, y=-110.0, z=-55.0
ICrawl Update: leg=0, phase=0.77, x=60.0, y=110.0, z=-80.0
ICrawl Update: leg=1, phase=0.77, x=-60.0, y=110.0, z=-80.0
ICrawl Update: leg=2, phase=0.27, x=-40.0, y=-110.0, z=-80.0
ICrawl Update: leg=3, phase=0.27, x=48.0, y=-110.0, z=-55.0
ICrawl Update: leg=0, phase=0.78, x=60.0, y=110.0, z=-80.0
ICrawl Update: leg=1, phase=0.78, x=-60.0, y=110.0, z=-80.0
ICrawl Update: leg=2, phase=0.28, x=-40.0, y=-110.0, z=-80.0
ICrawl Update: leg=3, phase=0.28, x=52.0, y=-110.0, z=-55.0
ICrawl Update: leg=0, phase=0.79, x=60.0, y=110.0, z=-80.0
ICrawl Update: leg=1, phase=0.79, x=-60.0, y=110.0, z=-80.0
ICrawl Update: leg=2, phase=0.29, x=-40.0, y=-110.0, z=-80.0
ICrawl Update: leg=3, phase=0.29, x=56.0, y=-110.0, z=-55.0
ICrawl Update: leg=0, phase=0.80, x=60.0, y=110.0, z=-80.0
ICrawl Update: leg=1, phase=0.80, x=-60.0, y=110.0, z=-80.0
ICrawl Update: leg=2, phase=0.30, x=-40.0, y=-110.0, z=-80.0
ICrawl Update: leg=3, phase=0.30, x=60.0, y=-110.0, z=-55.0
ICrawl Update: leg=0, phase=0.81, x=60.0, y=110.0, z=-80.0
ICrawl Update: leg=1, phase=0.81, x=-60.0, y=110.0, z=-80.0
ICrawl Update: leg=2, phase=0.31, x=-40.0, y=-110.0, z=-80.0
ICrawl Update: leg=3, phase=0.31, x=64.0, y=-110.0, z=-55.0
ICrawl Update: leg=0, phase=0.82, x=60.0, y=110.0, z=-80.0
ICrawl Update: leg=1, phase=0.82, x=-60.0, y=110.0, z=-80.0
ICrawl Update: leg=2, phase=0.32, x=-40.0, y=-110.0, z=-80.0
ICrawl Update: leg=3, phase=0.32, x=68.0, y=-110.0, z=-55.0
ICrawl Update: leg=0, phase=0.83, x=60.0, y=110.0, z=-80.0
ICrawl Update: leg=1, phase=0.83, x=-60.0, y=110.0, z=-80.0
ICrawl Update: leg=2, phase=0.33, x=-40.0, y=-110.0, z=-80.0
ICrawl Update: leg=3, phase=0.33, x=72.0, y=-110.0, z=-55.0
ICrawl Update: leg=0, phase=0.84, x=60.0, y=110.0, z=-80.0
ICrawl Update: leg=1, phase=0.84, x=-60.0, y=110.0, z=-80.0
ICrawl Update: leg=2, phase=0.34, x=-40.0, y=-110.0, z=-80.0
ICrawl Update: leg=3, phase=0.34, x=76.0, y=-110.0, z=-55.0
ICrawl Update: leg=0, phase=0.85, x=60.0, y=110.0, z=-80.0
ICrawl Update: leg=1, phase=0.85, x=-60.0, y=110.0, z=-80.0
ICrawl Update: leg=2, phase=0.35, x=-40.0, y=-110.0, z=-80.0
ICrawl Update: leg=3, phase=0.35, x=80.0, y=-110.0, z=-55.0
ICrawl Update: leg=0, phase=0.86, x=60.0, y=110.0, z=-80.0
ICrawl Update: leg=1, phase=0.86, x=-60.0, y=110.0, z=-80.0
ICrawl Update: leg=2, phase=0.36, x=-40.0, y=-110.0, z=-80.0
ICrawl Update: leg=3, phase=0.36, x=80.0, y=-110.0, z=-60.0
ICrawl Update: leg=0, phase=0.87, x=60.0, y=110.0, z=-80.0
ICrawl Update: leg=1, phase=0.87, x=-60.0, y=110.0, z=-80.0
ICrawl Update: leg=2, phase=0.37, x=-40.0, y=-110.0, z=-80.0
ICrawl Update: leg=3, phase=0.37, x=80.0, y=-110.0, z=-65.0
ICrawl Update: leg=0, phase=0.88, x=60.0, y=110.0, z=-80.0
ICrawl Update: leg=1, phase=0.88, x=-60.0, y=110.0, z=-80.0
ICrawl Update: leg=2, phase=0.38, x=-40.0, y=-110.0, z=-80.0
ICrawl Update: leg=3, phase=0.38, x=80.0, y=-110.0, z=-70.0
ICrawl Update: leg=0, phase=0.89, x=60.0, y=110.0, z=-80.0
ICrawl Update: leg=1, phase=0.89, x=-60.0, y=110.0, z=-80.0
ICrawl Update: leg=2, phase=0.39, x=-40.0, y=-110.0, z=-80.0
ICrawl Update: leg=3, phase=0.39, x=80.0, y=-110.0, z=-75.0
ICrawl Update: leg=0, phase=0.90, x=60.0, y=110.0, z=-80.0
ICrawl Update: leg=1, phase=0.90, x=-60.0, y=110.0, z=-80.0
ICrawl Update: leg=2, phase=0.40, x=-40.0, y=-110.0, z=-80.0
ICrawl Update: leg=3, phase=0.40, x=80.0, y=-110.0, z=-80.0
ICrawl Update: leg=0, phase=0.91, x=58.0, y=110.0, z=-80.0
ICrawl Update: leg=1, phase=0.91, x=-62.0, y=110.0, z=-80.0
ICrawl Update: leg=2, phase=0.41, x=-42.0, y=-110.0, z=-80.0
ICrawl Update: leg=3, phase=0.41, x=78.0, y=-110.0, z=-80.0
ICrawl Update: leg=0, phase=0.92, x=56.0, y=110.0, z=-80.0
ICrawl Update: leg=1, phase=0.92, x=-64.0, y=110.0, z=-80.0
ICrawl Update: leg=2, phase=0.42, x=-44.0, y=-110.0, z=-80.0
ICrawl Update: leg=3, phase=0.42, x=76.0, y=-110.0, z=-80.0
ICrawl Update: leg=0, phase=0.93, x=54.0, y=110.0, z=-80.0
ICrawl Update: leg=1, phase=0.93, x=-66.0, y=110.0, z=-80.0
ICrawl Update: leg=2, phase=0.43, x=-46.0, y=-110.0, z=-80.0
ICrawl Update: leg=3, phase=0.43, x=74.0, y=-110.0, z=-80.0
ICrawl Update: leg=0, phase=0.94, x=52.0, y=110.0, z=-80.0
ICrawl Update: leg=1, phase=0.94, x=-68.0, y=110.0, z=-80.0
ICrawl Update: leg=2, phase=0.44, x=-48.0, y=-110.0, z=-80.0
ICrawl Update: leg=3, phase=0.44, x=72.0, y=-110.0, z=-80.0
ICrawl Update: leg=0, phase=0.95, x=50.0, y=110.0, z=-80.0
ICrawl Update: leg=1, phase=0.95, x=-70.0, y=110.0, z=-80.0
ICrawl Update: leg=2, phase=0.45, x=-50.0, y=-110.0, z=-80.0
ICrawl Update: leg=3, phase=0.45, x=70.0, y=-110.0, z=-80.0
ICrawl Update: leg=0, phase=0.96, x=48.0, y=110.0, z=-80.0
ICrawl Update: leg=1, phase=0.96, x=-72.0, y=110.0, z=-80.0
ICrawl Update: leg=2, phase=0.46, x=-52.0, y=-110.0, z=-80.0
ICrawl Update: leg=3, phase=0.46, x=68.0, y=-110.0, z=-80.0
ICrawl Update: leg=0, phase=0.97, x=46.0, y=110.0, z=-80.0
ICrawl Update: leg=1, phase=0.97, x=-74.0, y=110.0, z=-80.0
ICrawl Update: leg=2, phase=0.47, x=-54.0, y=-110.0, z=-80.0
ICrawl Update: leg=3, phase=0.47, x=66.0, y=-110.0, z=-80.0
ICrawl Update: leg=0, phase=0.98, x=44.0, y=110.0, z=-80.0
ICrawl Update: leg=1, phase=0.98, x=-76.0, y=110.0, z=-80.0
ICrawl Update: leg=2, phase=0.48, x=-56.0, y=-110.0, z=-80.0
ICrawl Update: leg=3, phase=0.48, x=64.0, y=-110.0, z=-80.0
ICrawl Update: leg=0, phase=0.99, x=42.0, y=110.0, z=-80.0
ICrawl Update: leg=1, phase=0.99, x=-78.0, y=110.0, z=-80.0
ICrawl Update: leg=2, phase=0.49, x=-58.0, y=-110.0, z=-80.0
ICrawl Update: leg=3, phase=0.49, x=62.0, y=-110.0, z=-80.0
ICrawl Update: leg=0, phase=0.00, x=40.0, y=110.0, z=-80.0
ICrawl Update: leg=1, phase=0.00, x=-80.0, y=110.0, z=-80.0
ICrawl Update: leg=2, phase=0.50, x=-60.0, y=-110.0, z=-80.0
ICrawl Update: leg=3, phase=0.50, x=60.0, y=-110.0, z=-80.0
ICrawl Update: leg=0, phase=0.01, x=40.0, y=110.0, z=-80.0
ICrawl Update: leg=1, phase=0.01, x=-80.0, y=110.0, z=-75.0
ICrawl Update: leg=2, phase=0.51, x=-60.0, y=-110.0, z=-80.0
ICrawl Update: leg=3, phase=0.51, x=60.0, y=-110.0, z=-80.0
ICrawl Update: leg=0, phase=0.02, x=40.0, y=110.0, z=-80.0
ICrawl Update: leg=1, phase=0.02, x=-80.0, y=110.0, z=-70.0
ICrawl Update: leg=2, phase=0.52, x=-60.0, y=-110.0, z=-80.0
ICrawl Update: leg=3, phase=0.52, x=60.0, y=-110.0, z=-80.0
ICrawl Update: leg=0, phase=0.03, x=40.0, y=110.0, z=-80.0
ICrawl Update: leg=1, phase=0.03, x=-80.0, y=110.0, z=-65.0
ICrawl Update: leg=2, phase=0.53, x=-60.0, y=-110.0, z=-80.0
ICrawl Update: leg=3, phase=0.53, x=60.0, y=-110.0, z=-80.0
ICrawl Update: leg=0, phase=0.04, x=40.0, y=110.0, z=-80.0
ICrawl Update: leg=1, phase=0.04, x=-80.0, y=110.0, z=-60.0
ICrawl Update: leg=2, phase=0.54, x=-60.0, y=-110.0, z=-80.0
ICrawl Update: leg=3, phase=0.54, x=60.0, y=-110.0, z=-80.0
ICrawl Update: leg=0, phase=0.05, x=40.0, y=110.0, z=-80.0
ICrawl Update: leg=1, phase=0.05, x=-80.0, y=110.0, z=-55.0
ICrawl Update: leg=2, phase=0.55, x=-60.0, y=-110.0, z=-80.0
ICrawl Update: leg=3, phase=0.55, x=60.0, y=-110.0, z=-80.0
ICrawl Update: leg=0, phase=0.06, x=40.0, y=110.0, z=-80.0
ICrawl Update: leg=1, phase=0.06, x=-76.0, y=110.0, z=-55.0
ICrawl Update: leg=2, phase=0.56, x=-60.0, y=-110.0, z=-80.0
ICrawl Update: leg=3, phase=0.56, x=60.0, y=-110.0, z=-80.0
ICrawl Update: leg=0, phase=0.07, x=40.0, y=110.0, z=-80.0
ICrawl Update: leg=1, phase=0.07, x=-72.0, y=110.0, z=-55.0
ICrawl Update: leg=2, phase=0.57, x=-60.0, y=-110.0, z=-80.0
ICrawl Update: leg=3, phase=0.57, x=60.0, y=-110.0, z=-80.0
ICrawl Update: leg=0, phase=0.08, x=40.0, y=110.0, z=-80.0
ICrawl Update: leg=1, phase=0.08, x=-68.0, y=110.0, z=-55.0
ICrawl Update: leg=2, phase=0.58, x=-60.0, y=-110.0, z=-80.0
ICrawl Update: leg=3, phase=0.58, x=60.0, y=-110.0, z=-80.0
ICrawl Update: leg=0, phase=0.09, x=40.0, y=110.0, z=-80.0
ICrawl Update: leg=1, phase=0.09, x=-64.0, y=110.0, z=-55.0
ICrawl Update: leg=2, phase=0.59, x=-60.0, y=-110.0, z=-80.0
ICrawl Update: leg=3, phase=0.59, x=60.0, y=-110.0, z=-80.0
ICrawl Update: leg=0, phase=0.10, x=40.0, y=110.0, z=-80.0
ICrawl Update: leg=1, phase=0.10, x=-60.0, y=110.0, z=-55.0
ICrawl Update: leg=2, phase=0.60, x=-60.0, y=-110.0, z=-80.0
ICrawl Update: leg=3, phase=0.60, x=60.0, y=-110.0, z=-80.0
ICrawl Update: leg=0, phase=0.11, x=40.0, y=110.0, z=-80.0
ICrawl Update: leg=1, phase=0.11, x=-56.0, y=110.0, z=-55.0
ICrawl Update: leg=2, phase=0.61, x=-60.0, y=-110.0, z=-80.0
ICrawl Update: leg=3, phase=0.61, x=60.0, y=-110.0, z=-80.0
ICrawl Update: leg=0, phase=0.12, x=40.0, y=110.0, z=-80.0
ICrawl Update: leg=1, phase=0.12, x=-52.0, y=110.0, z=-55.0
ICrawl Update: leg=2, phase=0.62, x=-60.0, y=-110.0, z=-80.0
ICrawl Update: leg=3, phase=0.62, x=60.0, y=-110.0, z=-80.0
ICrawl Update: leg=0, phase=0.13, x=40.0, y=110.0, z=-80.0
ICrawl Update: leg=1, phase=0.13, x=-48.0, y=110.0, z=-55.0
ICrawl Update: leg=2, phase=0.63, x=-60.0, y=-110.0, z=-80.0
ICrawl Update: leg=3, phase=0.63, x=60.0, y=-110.0, z=-80.0
ICrawl Update: leg=0, phase=0.14, x=40.0, y=110.0, z=-80.0
ICrawl Update: leg=1, phase=0.14, x=-44.0, y=110.0, z=-55.0
ICrawl Update: leg=2, phase=0.64, x=-60.0, y=-110.0, z=-80.0
ICrawl Update: leg=3, phase=0.64, x=60.0, y=-110.0, z=-80.0
ICrawl Update: leg=0, phase=0.15, x=40.0, y=110.0, z=-80.0
ICrawl Update: leg=1, phase=0.15, x=-40.0, y=110.0, z=-55.0
ICrawl Update: leg=2, phase=0.65, x=-60.0, y=-110.0, z=-80.0
ICrawl Update: leg=3, phase=0.65, x=60.0, y=-110.0, z=-80.0
ICrawl Update: leg=0, phase=0.16, x=40.0, y=110.0, z=-80.0
ICrawl Update: leg=1, phase=0.16, x=-40.0, y=110.0, z=-60.0
ICrawl Update: leg=2, phase=0.66, x=-60.0, y=-110.0, z=-80.0
ICrawl Update: leg=3, phase=0.66, x=60.0, y=-110.0, z=-80.0
ICrawl Update: leg=0, phase=0.17, x=40.0, y=110.0, z=-80.0
ICrawl Update: leg=1, phase=0.17, x=-40.0, y=110.0, z=-65.0
ICrawl Update: leg=2, phase=0.67, x=-60.0, y=-110.0, z=-80.0
ICrawl Update: leg=3, phase=0.67, x=60.0, y=-110.0, z=-80.0
ICrawl Update: leg=0, phase=0.18, x=40.0, y=110.0, z=-80.0
ICrawl Update: leg=1, phase=0.18, x=-40.0, y=110.0, z=-70.0
ICrawl Update: leg=2, phase=0.68, x=-60.0, y=-110.0, z=-80.0
ICrawl Update: leg=3, phase=0.68, x=60.0, y=-110.0, z=-80.0
ICrawl Update: leg=0, phase=0.19, x=40.0, y=110.0, z=-80.0
ICrawl Update: leg=1, phase=0.19, x=-40.0, y=110.0, z=-75.0
ICrawl Update: leg=2, phase=0.69, x=-60.0, y=-110.0, z=-80.0
ICrawl Update: leg=3, phase=0.69, x=60.0, y=-110.0, z=-80.0
ICrawl Update: leg=0, phase=0.20, x=40.0, y=110.0, z=-80.0
ICrawl Update: leg=1, phase=0.20, x=-40.0, y=110.0, z=-80.0
ICrawl Update: leg=2, phase=0.70, x=-60.0, y=-110.0, z=-80.0
ICrawl Update: leg=3, phase=0.70, x=60.0, y=-110.0, z=-80.0
ICrawl Update: leg=0, phase=0.21, x=40.0, y=110.0, z=-75.0
ICrawl Update: leg=1, phase=0.21, x=-40.0, y=110.0, z=-80.0
ICrawl Update: leg=2, phase=0.71, x=-60.0, y=-110.0, z=-80.0
ICrawl Update: leg=3, phase=0.71, x=60.0, y=-110.0, z=-80.0
ICrawl Update: leg=0, phase=0.22, x=40.0, y=110.0, z=-70.0
ICrawl Update: leg=1, phase=0.22, x=-40.0, y=110.0, z=-80.0
ICrawl Update: leg=2, phase=0.72, x=-60.0, y=-110.0, z=-80.0
ICrawl Update: leg=3, phase=0.72, x=60.0, y=-110.0, z=-80.0
ICrawl Update: leg=0, phase=0.23, x=40.0, y=110.0, z=-65.0
ICrawl Update: leg=1, phase=0.23, x=-40.0, y=110.0, z=-80.0
ICrawl Update: leg=2, phase=0.73, x=-60.0, y=-110.0, z=-80.0
ICrawl Update: leg=3, phase=0.73, x=60.0, y=-110.0, z=-80.0
ICrawl Update: leg=0, phase=0.24, x=40.0, y=110.0, z=-60.0
ICrawl Update: leg=1, phase=0.24, x=-40.0, y=110.0, z=-80.0
ICrawl Update: leg=2, phase=0.74, x=-60.0, y=-110.0, z=-80.0
ICrawl Update: leg=3, phase=0.74, x=60.0, y=-110.0, z=-80.0
ICrawl Update: leg=0, phase=0.25, x=40.0, y=110.0, z=-55.0
ICrawl Update: leg=1, phase=0.25, x=-40.0, y=110.0, z=-80.0
ICrawl Update: leg=2, phase=0.75, x=-60.0, y=-110.0, z=-80.0
ICrawl Update: leg=3, phase=0.75, x=60.0, y=-110.0, z=-80.0
ICrawl Update: leg=0, phase=0.26, x=44.0, y=110.0, z=-55.0
ICrawl Update: leg=1, phase=0.26, x=-40.0, y=110.0, z=-80.0
ICrawl Update: leg=2, phase=0.76, x=-60.0, y=-110.0, z=-80.0
ICrawl Update: leg=3, phase=0.76, x=60.0, y=-110.0, z=-80.0
ICrawl Update: leg=0, phase=0.27, x=48.0, y=110.0, z=-55.0
ICrawl Update: leg=1, phase=0.27, x=-40.0, y=110.0, z=-80.0
ICrawl Update: leg=2, phase=0.77, x=-60.0, y=-110.0, z=-80.0
ICrawl Update: leg=3, phase=0.77, x=60.0, y=-110.0, z=-80.0
ICrawl Update: leg=0, phase=0.28, x=52.0, y=110.0, z=-55.0
ICrawl Update: leg=1, phase=0.28, x=-40.0, y=110.0, z=-80.0
ICrawl Update: leg=2, phase=0.78, x=-60.0, y=-110.0, z=-80.0
ICrawl Update: leg=3, phase=0.78, x=60.0, y=-110.0, z=-80.0
ICrawl Update: leg=0, phase=0.29, x=56.0, y=110.0, z=-55.0
ICrawl Update: leg=1, phase=0.29, x=-40.0, y=110.0, z=-80.0
ICrawl Update: leg=2, phase=0.79, x=-60.0, y=-110.0, z=-80.0
ICrawl Update: leg=3, phase=0.79, x=60.0, y=-110.0, z=-80.0
ICrawl Update: leg=0, phase=0.30, x=60.0, y=110.0, z=-55.0
ICrawl Update: leg=1, phase=0.30, x=-40.0, y=110.0, z=-80.0
ICrawl Update: leg=2, phase=0.80, x=-60.0, y=-110.0, z=-80.0
ICrawl Update: leg=3, phase=0.80, x=60.0, y=-110.0, z=-80.0
ICrawl Update: leg=0, phase=0.31, x=64.0, y=110.0, z=-55.0
ICrawl Update: leg=1, phase=0.31, x=-40.0, y=110.0, z=-80.0
ICrawl Update: leg=2, phase=0.81, x=-60.0, y=-110.0, z=-80.0
ICrawl Update: leg=3, phase=0.81, x=60.0, y=-110.0, z=-80.0
ICrawl Update: leg=0, phase=0.32, x=68.0, y=110.0, z=-55.0
ICrawl Update: leg=1, phase=0.32, x=-40.0, y=110.0, z=-80.0
ICrawl Update: leg=2, phase=0.82, x=-60.0, y=-110.0, z=-80.0
ICrawl Update: leg=3, phase=0.82, x=60.0, y=-110.0, z=-80.0
ICrawl Update: leg=0, phase=0.33, x=72.0, y=110.0, z=-55.0
ICrawl Update: leg=1, phase=0.33, x=-40.0, y=110.0, z=-80.0
ICrawl Update: leg=2, phase=0.83, x=-60.0, y=-110.0, z=-80.0
ICrawl Update: leg=3, phase=0.83, x=60.0, y=-110.0, z=-80.0
ICrawl Update: leg=0, phase=0.34, x=76.0, y=110.0, z=-55.0
ICrawl Update: leg=1, phase=0.34, x=-40.0, y=110.0, z=-80.0
ICrawl Update: leg=2, phase=0.84, x=-60.0, y=-110.0, z=-80.0
ICrawl Update: leg=3, phase=0.84, x=60.0, y=-110.0, z=-80.0
ICrawl Update: leg=0, phase=0.35, x=80.0, y=110.0, z=-55.0
ICrawl Update: leg=1, phase=0.35, x=-40.0, y=110.0, z=-80.0
ICrawl Update: leg=2, phase=0.85, x=-60.0, y=-110.0, z=-80.0
ICrawl Update: leg=3, phase=0.85, x=60.0, y=-110.0, z=-80.0
ICrawl Update: leg=0, phase=0.36, x=80.0, y=110.0, z=-60.0
ICrawl Update: leg=1, phase=0.36, x=-40.0, y=110.0, z=-80.0
ICrawl Update: leg=2, phase=0.86, x=-60.0, y=-110.0, z=-80.0
ICrawl Update: leg=3, phase=0.86, x=60.0, y=-110.0, z=-80.0
ICrawl Update: leg=0, phase=0.37, x=80.0, y=110.0, z=-65.0
ICrawl Update: leg=1, phase=0.37, x=-40.0, y=110.0, z=-80.0
ICrawl Update: leg=2, phase=0.87, x=-60.0, y=-110.0, z=-80.0
ICrawl Update: leg=3, phase=0.87, x=60.0, y=-110.0, z=-80.0
ICrawl Update: leg=0, phase=0.38, x=80.0, y=110.0, z=-70.0
ICrawl Update: leg=1, phase=0.38, x=-40.0, y=110.0, z=-80.0
ICrawl Update: leg=2, phase=0.88, x=-60.0, y=-110.0, z=-80.0
ICrawl Update: leg=3, phase=0.88, x=60.0, y=-110.0, z=-80.0
ICrawl Update: leg=0, phase=0.39, x=80.0, y=110.0, z=-75.0
ICrawl Update: leg=1, phase=0.39, x=-40.0, y=110.0, z=-80.0
ICrawl Update: leg=2, phase=0.89, x=-60.0, y=-110.0, z=-80.0
ICrawl Update: leg=3, phase=0.89, x=60.0, y=-110.0, z=-80.0
ICrawl Update: leg=0, phase=0.40, x=80.0, y=110.0, z=-80.0
ICrawl Update: leg=1, phase=0.40, x=-40.0, y=110.0, z=-80.0
ICrawl Update: leg=2, phase=0.90, x=-60.0, y=-110.0, z=-80.0
ICrawl Update: leg=3, phase=0.90, x=60.0, y=-110.0, z=-80.0
ICrawl Update: leg=0, phase=0.41, x=78.0, y=110.0, z=-80.0
ICrawl Update: leg=1, phase=0.41, x=-42.0, y=110.0, z=-80.0
ICrawl Update: leg=2, phase=0.91, x=-62.0, y=-110.0, z=-80.0
ICrawl Update: leg=3, phase=0.91, x=58.0, y=-110.0, z=-80.0
ICrawl Update: leg=0, phase=0.42, x=76.0, y=110.0, z=-80.0
ICrawl Update: leg=1, phase=0.42, x=-44.0, y=110.0, z=-80.0
ICrawl Update: leg=2, phase=0.92, x=-64.0, y=-110.0, z=-80.0
ICrawl Update: leg=3, phase=0.92, x=56.0, y=-110.0, z=-80.0
ICrawl Update: leg=0, phase=0.43, x=74.0, y=110.0, z=-80.0
ICrawl Update: leg=1, phase=0.43, x=-46.0, y=110.0, z=-80.0
ICrawl Update: leg=2, phase=0.93, x=-66.0, y=-110.0, z=-80.0
ICrawl Update: leg=3, phase=0.93, x=54.0, y=-110.0, z=-80.0
ICrawl Update: leg=0, phase=0.44, x=72.0, y=110.0, z=-80.0
ICrawl Update: leg=1, phase=0.44, x=-48.0, y=110.0, z=-80.0
ICrawl Update: leg=2, phase=0.94, x=-68.0, y=-110.0, z=-80.0
ICrawl Update: leg=3, phase=0.94, x=52.0, y=-110.0, z=-80.0
ICrawl Update: leg=0, phase=0.45, x=70.0, y=110.0, z=-80.0
ICrawl Update: leg=1, phase=0.45, x=-50.0, y=110.0, z=-80.0
ICrawl Update: leg=2, phase=0.95, x=-70.0, y=-110.0, z=-80.0
ICrawl Update: leg=3, phase=0.95, x=50.0, y=-110.0, z=-80.0
ICrawl Update: leg=0, phase=0.46, x=68.0, y=110.0, z=-80.0
ICrawl Update: leg=1, phase=0.46, x=-52.0, y=110.0, z=-80.0
ICrawl Update: leg=2, phase=0.96, x=-72.0, y=-110.0, z=-80.0
ICrawl Update: leg=3, phase=0.96, x=48.0, y=-110.0, z=-80.0
ICrawl Update: leg=0, phase=0.47, x=66.0, y=110.0, z=-80.0
ICrawl Update: leg=1, phase=0.47, x=-54.0, y=110.0, z=-80.0
ICrawl Update: leg=2, phase=0.97, x=-74.0, y=-110.0, z=-80.0
ICrawl Update: leg=3, phase=0.97, x=46.0, y=-110.0, z=-80.0
ICrawl Update: leg=0, phase=0.48, x=64.0, y=110.0, z=-80.0
ICrawl Update: leg=1, phase=0.48, x=-56.0, y=110.0, z=-80.0
ICrawl Update: leg=2, phase=0.98, x=-76.0, y=-110.0, z=-80.0
ICrawl Update: leg=3, phase=0.98, x=44.0, y=-110.0, z=-80.0
ICrawl Update: leg=0, phase=0.49, x=62.0, y=110.0, z=-80.0
ICrawl Update: leg=1, phase=0.49, x=-58.0, y=110.0, z=-80.0
ICrawl Update: leg=2, phase=0.99, x=-78.0, y=-110.0, z=-80.0
ICrawl Update: leg=3, phase=0.99, x=42.0, y=-110.0, z=-80.0
ICrawl Update: leg=0, phase=0.50, x=60.0, y=110.0, z=-80.0
ICrawl Update: leg=1, phase=0.50, x=-60.0, y=110.0, z=-80.0
ICrawl Update: leg=2, phase=0.00, x=-80.0, y=-110.0, z=-80.0
ICrawl Update: leg=3, phase=0.00, x=40.0, y=-110.0, z=-80.0
ICrawl Update: leg=0, phase=0.51, x=60.0, y=110.0, z=-80.0
ICrawl Update: leg=1, phase=0.51, x=-60.0, y=110.0, z=-80.0
ICrawl Update: leg=2, phase=0.01, x=-80.0, y=-110.0, z=-75.0
ICrawl Update: leg=3, phase=0.01, x=40.0, y=-110.0, z=-80.0
ICrawl Update: leg=0, phase=0.52, x=60.0, y=110.0, z=-80.0
ICrawl Update: leg=1, phase=0.52, x=-60.0, y=110.0, z=-80.0
ICrawl Update: leg=2, phase=0.02, x=-80.0, y=-110.0, z=-70.0
ICrawl Update: leg=3, phase=0.02, x=40.0, y=-110.0, z=-80.0
ICrawl Update: leg=0, phase=0.53, x=60.0, y=110.0, z=-80.0
ICrawl Update: leg=1, phase=0.53, x=-60.0, y=110.0, z=-80.0
ICrawl Update: leg=2, phase=0.03, x=-80.0, y=-110.0, z=-65.0
ICrawl Update: leg=3, phase=0.03, x=40.0, y=-110.0, z=-80.0
ICrawl Update: leg=0, phase=0.54, x=60.0, y=110.0, z=-80.0
ICrawl Update: leg=1, phase=0.54, x=-60.0, y=110.0, z=-80.0
ICrawl Update: leg=2, phase=0.04, x=-80.0, y=-110.0, z=-60.0
ICrawl Update: leg=3, phase=0.04, x=40.0, y=-110.0, z=-80.0
ICrawl Update: leg=0, phase=0.55, x=60.0, y=110.0, z=-80.0
ICrawl Update: leg=1, phase=0.55, x=-60.0, y=110.0, z=-80.0
ICrawl Update: leg=2, phase=0.05, x=-80.0, y=-110.0, z=-55.0
ICrawl Update: leg=3, phase=0.05, x=40.0, y=-110.0, z=-80.0
ICrawl Update: leg=0, phase=0.56, x=60.0, y=110.0, z=-80.0
ICrawl Update: leg=1, phase=0.56, x=-60.0, y=110.0, z=-80.0
ICrawl Update: leg=2, phase=0.06, x=-76.0, y=-110.0, z=-55.0
ICrawl Update: leg=3, phase=0.06, x=40.0, y=-110.0, z=-80.0
ICrawl Update: leg=0, phase=0.57, x=60.0, y=110.0, z=-80.0
ICrawl Update: leg=1, phase=0.57, x=-60.0, y=110.0, z=-80.0
ICrawl Update: leg=2, phase=0.07, x=-72.0, y=-110.0, z=-55.0
ICrawl Update: leg=3, phase=0.07, x=40.0, y=-110.0, z=-80.0
ICrawl Update: leg=0, phase=0.58, x=60.0, y=110.0, z=-80.0
ICrawl Update: leg=1, phase=0.58, x=-60.0, y=110.0, z=-80.0
ICrawl Update: leg=2, phase=0.08, x=-68.0, y=-110.0, z=-55.0
ICrawl Update: leg=3, phase=0.08, x=40.0, y=-110.0, z=-80.0
ICrawl Update: leg=0, phase=0.59, x=60.0, y=110.0, z=-80.0
ICrawl Update: leg=1, phase=0.59, x=-60.0, y=110.0, z=-80.0
ICrawl Update: leg=2, phase=0.09, x=-64.0, y=-110.0, z=-55.0
ICrawl Update: leg=3, phase=0.09, x=40.0, y=-110.0, z=-80.0
ICrawl Update: leg=0, phase=0.60, x=60.0, y=110.0, z=-80.0
ICrawl Update: leg=1, phase=0.60, x=-60.0, y=110.0, z=-80.0
ICrawl Update: leg=2, phase=0.10, x=-60.0, y=-110.0, z=-55.0
ICrawl Update: leg=3, phase=0.10, x=40.0, y=-110.0, z=-80.0
ICrawl Update: leg=0, phase=0.61, x=60.0, y=110.0, z=-80.0
ICrawl Update: leg=1, phase=0.61, x=-60.0, y=110.0, z=-80.0
ICrawl Update: leg=2, phase=0.11, x=-56.0, y=-110.0, z=-55.0
ICrawl Update: leg=3, phase=0.11, x=40.0, y=-110.0, z=-80.0
ICrawl Update: leg=0, phase=0.62, x=60.0, y=110.0, z=-80.0
ICrawl Update: leg=1, phase=0.62, x=-60.0, y=110.0, z=-80.0
ICrawl Update: leg=2, phase=0.12, x=-52.0, y=-110.0, z=-55.0
ICrawl Update: leg=3, phase=0.12, x=40.0, y=-110.0, z=-80.0
ICrawl Update: leg=0, phase=0.63, x=60.0, y=110.0, z=-80.0
ICrawl Update: leg=1, phase=0.63, x=-60.0, y=110.0, z=-80.0
ICrawl Update: leg=2, phase=0.13, x=-48.0, y=-110.0, z=-55.0
ICrawl Update: leg=3, phase=0.13, x=40.0, y=-110.0, z=-80.0
ICrawl Update: leg=0, phase=0.64, x=60.0, y=110.0, z=-80.0
ICrawl Update: leg=1, phase=0.64, x=-60.0, y=110.0, z=-80.0
ICrawl Update: leg=2, phase=0.14, x=-44.0, y=-110.0, z=-55.0
ICrawl Update: leg=3, phase=0.14, x=40.0, y=-110.0, z=-80.0
ICrawl Update: leg=0, phase=0.65, x=60.0, y=110.0, z=-80.0
ICrawl Update: leg=1, phase=0.65, x=-60.0, y=110.0, z=-80.0
ICrawl Update: leg=2, phase=0.15, x=-40.0, y=-110.0, z=-55.0
ICrawl Update: leg=3, phase=0.15, x=40.0, y=-110.0, z=-80.0
ICrawl Update: leg=0, phase=0.66, x=60.0, y=110.0, z=-80.0
ICrawl Update: leg=1, phase=0.66, x=-60.0, y=110.0, z=-80.0
ICrawl Update: leg=2, phase=0.16, x=-40.0, y=-110.0, z=-60.0
ICrawl Update: leg=3, phase=0.16, x=40.0, y=-110.0, z=-80.0
ICrawl Update: leg=0, phase=0.67, x=60.0, y=110.0, z=-80.0
ICrawl Update: leg=1, phase=0.67, x=-60.0, y=110.0, z=-80.0
ICrawl Update: leg=2, phase=0.17, x=-40.0, y=-110.0, z=-65.0
ICrawl Update: leg=3, phase=0.17, x=40.0, y=-110.0, z=-80.0
ICrawl Update: leg=0, phase=0.68, x=60.0, y=110.0, z=-80.0
ICrawl Update: leg=1, phase=0.68, x=-60.0, y=110.0, z=-80.0
ICrawl Update: leg=2, phase=0.18, x=-40.0, y=-110.0, z=-70.0
ICrawl Update: leg=3, phase=0.18, x=40.0, y=-110.0, z=-80.0
ICrawl Update: leg=0, phase=0.69, x=60.0, y=110.0, z=-80.0
ICrawl Update: leg=1, phase=0.69, x=-60.0, y=110.0, z=-80.0
ICrawl Update: leg=2, phase=0.19, x=-40.0, y=-110.0, z=-75.0
ICrawl Update: leg=3, phase=0.19, x=40.0, y=-110.0, z=-80.0
ICrawl Update: leg=0, phase=0.70, x=60.0, y=110.0, z=-80.0
ICrawl Update: leg=1, phase=0.70, x=-60.0, y=110.0, z=-80.0
ICrawl Update: leg=2, phase=0.20, x=-40.0, y=-110.0, z=-80.0
ICrawl Update: leg=3, phase=0.20, x=40.0, y=-110.0, z=-80.0
ICrawl Update: leg=0, phase=0.71, x=60.0, y=110.0, z=-80.0
ICrawl Update: leg=1, phase=0.71, x=-60.0, y=110.0, z=-80.0
ICrawl Update: leg=2, phase=0.21, x=-40.0, y=-110.0, z=-80.0
ICrawl Update: leg=3, phase=0.21, x=40.0, y=-110.0, z=-75.0
ICrawl Update: leg=0, phase=0.72, x=60.0, y=110.0, z=-80.0
ICrawl Update: leg=1, phase=0.72, x=-60.0, y=110.0, z=-80.0
ICrawl Update: leg=2, phase=0.22, x=-40.0, y=-110.0, z=-80.0
ICrawl Update: leg=3, phase=0.22, x=40.0, y=-110.0, z=-70.0
ICrawl Update: leg=0, phase=0.73, x=60.0, y=110.0, z=-80.0
ICrawl Update: leg=1, phase=0.73, x=-60.0, y=110.0, z=-80.0
ICrawl Update: leg=2, phase=0.23, x=-40.0, y=-110.0, z=-80.0
ICrawl Update: leg=3, phase=0.23, x=40.0, y=-110.0, z=-65.0
ICrawl Update: leg=0, phase=0.74, x=60.0, y=110.0, z=-80.0
ICrawl Update: leg=1, phase=0.74, x=-60.0, y=110.0, z=-80.0
ICrawl Update: leg=2, phase=0.24, x=-40.0, y=-110.0, z=-80.0
ICrawl Update: leg=3, phase=0.24, x=40.0, y=-110.0, z=-60.0
ICrawl Update: leg=0, phase=0.75, x=60.0, y=110.0, z=-80.0
ICrawl Update: leg=1, phase=0.75, x=-60.0, y=110.0, z=-80.0
ICrawl Update: leg=2, phase=0.25, x=-40.0, y=-110.0, z=-80.0
ICrawl Update: leg=3, phase=0.25, x=40.0, y=-110.0, z=-55.0
ICrawl Update: leg=0, phase=0.76, x=60.0, y=110.0, z=-80.0
ICrawl Update: leg=1, phase=0.76, x=-60.0, y=110.0, z=-80.0
ICrawl Update: leg=2, phase=0.26, x=-40.0, y=-110.0, z=-80.0
ICrawl Update: leg=3, phase=0.26, x=44.0, y=-110.0, z=-55.0
ICrawl Update: leg=0, phase=0.77, x=60.0, y=110.0, z=-80.0
ICrawl Update: leg=1, phase=0.77, x=-60.0, y=110.0, z=-80.0
ICrawl Update: leg=2, phase=0.27, x=-40.0, y=-110.0, z=-80.0
ICrawl Update: leg=3, phase=0.27, x=48.0, y=-110.0, z=-55.0
ICrawl Update: leg=0, phase=0.78, x=60.0, y=110.0, z=-80.0
ICrawl Update: leg=1, phase=0.78, x=-60.0, y=110.0, z=-80.0
ICrawl Update: leg=2, phase=0.28, x=-40.0, y=-110.0, z=-80.0
ICrawl Update: leg=3, phase=0.28, x=52.0, y=-110.0, z=-55.0
ICrawl Update: leg=0, phase=0.79, x=60.0, y=110.0, z=-80.0
ICrawl Update: leg=1, phase=0.79, x=-60.0, y=110.0, z=-80.0
ICrawl Update: leg=2, phase=0.29, x=-40.0, y=-110.0, z=-80.0
ICrawl Update: leg=3, phase=0.29, x=56.0, y=-110.0, z=-55.0
ICrawl Update: leg=0, phase=0.80, x=60.0, y=110.0, z=-80.0
ICrawl Update: leg=1, phase=0.80, x=-60.0, y=110.0, z=-80.0
ICrawl Update: leg=2, phase=0.30, x=-40.0, y=-110.0, z=-80.0
ICrawl Update: leg=3, phase=0.30, x=60.0, y=-110.0, z=-55.0
ICrawl Update: leg=0, phase=0.81, x=60.0, y=110.0, z=-80.0
ICrawl Update: leg=1, phase=0.81, x=-60.0, y=110.0, z=-80.0
ICrawl Update: leg=2, phase=0.31, x=-40.0, y=-110.0, z=-80.0
ICrawl Update: leg=3, phase=0.31, x=64.0, y=-110.0, z=-55.0
ICrawl Update: leg=0, phase=0.82, x=60.0, y=110.0, z=-80.0
ICrawl Update: leg=1, phase=0.82, x=-60.0, y=110.0, z=-80.0
ICrawl Update: leg=2, phase=0.32, x=-40.0, y=-110.0, z=-80.0
ICrawl Update: leg=3, phase=0.32, x=68.0, y=-110.0, z=-55.0
ICrawl Update: leg=0, phase=0.83, x=60.0, y=110.0, z=-80.0
ICrawl Update: leg=1, phase=0.83, x=-60.0, y=110.0, z=-80.0
ICrawl Update: leg=2, phase=0.33, x=-40.0, y=-110.0, z=-80.0
ICrawl Update: leg=3, phase=0.33, x=72.0, y=-110.0, z=-55.0
ICrawl Update: leg=0, phase=0.84, x=60.0, y=110.0, z=-80.0
ICrawl Update: leg=1, phase=0.84, x=-60.0, y=110.0, z=-80.0
ICrawl Update: leg=2, phase=0.34, x=-40.0, y=-110.0, z=-80.0
ICrawl Update: leg=3, phase=0.34, x=76.0, y=-110.0, z=-55.0
ICrawl Update: leg=0, phase=0.85, x=60.0, y=110.0, z=-80.0
ICrawl Update: leg=1, phase=0.85, x=-60.0, y=110.0, z=-80.0
ICrawl Update: leg=2, phase=0.35, x=-40.0, y=-110.0, z=-80.0
ICrawl Update: leg=3, phase=0.35, x=80.0, y=-110.0, z=-55.0
ICrawl Update: leg=0, phase=0.86, x=60.0, y=110.0, z=-80.0
ICrawl Update: leg=1, phase=0.86, x=-60.0, y=110.0, z=-80.0
ICrawl Update: leg=2, phase=0.36, x=-40.0, y=-110.0, z=-80.0
ICrawl Update: leg=3, phase=0.36, x=80.0, y=-110.0, z=-60.0
ICrawl Update: leg=0, phase=0.87, x=60.0, y=110.0, z=-80.0
ICrawl Update: leg=1, phase=0.87, x=-60.0, y=110.0, z=-80.0
ICrawl Update: leg=2, phase=0.37, x=-40.0, y=-110.0, z=-80.0
ICrawl Update: leg=3, phase=0.37, x=80.0, y=-110.0, z=-65.0
ICrawl Update: leg=0, phase=0.88, x=60.0, y=110.0, z=-80.0
ICrawl Update: leg=1, phase=0.88, x=-60.0, y=110.0, z=-80.0
ICrawl Update: leg=2, phase=0.38, x=-40.0, y=-110.0, z=-80.0
ICrawl Update: leg=3, phase=0.38, x=80.0, y=-110.0, z=-70.0
ICrawl Update: leg=0, phase=0.89, x=60.0, y=110.0, z=-80.0
ICrawl Update: leg=1, phase=0.89, x=-60.0, y=110.0, z=-80.0
ICrawl Update: leg=2, phase=0.39, x=-40.0, y=-110.0, z=-80.0
ICrawl Update: leg=3, phase=0.39, x=80.0, y=-110.0, z=-75.0
ICrawl Update: leg=0, phase=0.90, x=60.0, y=110.0, z=-80.0
ICrawl Update: leg=1, phase=0.90, x=-60.0, y=110.0, z=-80.0
ICrawl Update: leg=2, phase=0.40, x=-40.0, y=-110.0, z=-80.0
ICrawl Update: leg=3, phase=0.40, x=80.0, y=-110.0, z=-80.0
ICrawl Update: leg=0, phase=0.91, x=58.0, y=110.0, z=-80.0
ICrawl Update: leg=1, phase=0.91, x=-62.0, y=110.0, z=-80.0
ICrawl Update: leg=2, phase=0.41, x=-42.0, y=-110.0, z=-80.0
ICrawl Update: leg=3, phase=0.41, x=78.0, y=-110.0, z=-80.0
ICrawl Update: leg=0, phase=0.92, x=56.0, y=110.0, z=-80.0
ICrawl Update: leg=1, phase=0.92, x=-64.0, y=110.0, z=-80.0
ICrawl Update: leg=2, phase=0.42, x=-44.0, y=-110.0, z=-80.0
ICrawl Update: leg=3, phase=0.42, x=76.0, y=-110.0, z=-80.0
ICrawl Update: leg=0, phase=0.93, x=54.0, y=110.0, z=-80.0
ICrawl Update: leg=1, phase=0.93, x=-66.0, y=110.0, z=-80.0
ICrawl Update: leg=2, phase=0.43, x=-46.0, y=-110.0, z=-80.0
ICrawl Update: leg=3, phase=0.43, x=74.0, y=-110.0, z=-80.0
ICrawl Update: leg=0, phase=0.94, x=52.0, y=110.0, z=-80.0
ICrawl Update: leg=1, phase=0.94, x=-68.0, y=110.0, z=-80.0
ICrawl Update: leg=2, phase=0.44, x=-48.0, y=-110.0, z=-80.0
ICrawl Update: leg=3, phase=0.44, x=72.0, y=-110.0, z=-80.0
ICrawl Update: leg=0, phase=0.95, x=50.0, y=110.0, z=-80.0
ICrawl Update: leg=1, phase=0.95, x=-70.0, y=110.0, z=-80.0
ICrawl Update: leg=2, phase=0.45, x=-50.0, y=-110.0, z=-80.0
ICrawl Update: leg=3, phase=0.45, x=70.0, y=-110.0, z=-80.0
ICrawl Update: leg=0, phase=0.96, x=48.0, y=110.0, z=-80.0
ICrawl Update: leg=1, phase=0.96, x=-72.0, y=110.0, z=-80.0
ICrawl Update: leg=2, phase=0.46, x=-52.0, y=-110.0, z=-80.0
ICrawl Update: leg=3, phase=0.46, x=68.0, y=-110.0, z=-80.0
ICrawl Update: leg=0, phase=0.97, x=46.0, y=110.0, z=-80.0
ICrawl Update: leg=1, phase=0.97, x=-74.0, y=110.0, z=-80.0
ICrawl Update: leg=2, phase=0.47, x=-54.0, y=-110.0, z=-80.0
ICrawl Update: leg=3, phase=0.47, x=66.0, y=-110.0, z=-80.0
ICrawl Update: leg=0, phase=0.98, x=44.0, y=110.0, z=-80.0
ICrawl Update: leg=1, phase=0.98, x=-76.0, y=110.0, z=-80.0
ICrawl Update: leg=2, phase=0.48, x=-56.0, y=-110.0, z=-80.0
ICrawl Update: leg=3, phase=0.48, x=64.0, y=-110.0, z=-80.0
ICrawl Update: leg=0, phase=0.99, x=42.0, y=110.0, z=-80.0
ICrawl Update: leg=1, phase=0.99, x=-78.0, y=110.0, z=-80.0
ICrawl Update: leg=2, phase=0.49, x=-58.0, y=-110.0, z=-80.0
ICrawl Update: leg=3, phase=0.49, x=62.0, y=-110.0, z=-80.0
ICrawl Update: leg=0, phase=0.00, x=40.0, y=110.0, z=-80.0
ICrawl Update: leg=1, phase=0.00, x=-80.0, y=110.0, z=-80.0
ICrawl Update: leg=2, phase=0.50, x=-60.0, y=-110.0, z=-80.0
ICrawl Update: leg=3, phase=0.50, x=60.0, y=-110.0, z=-80.0
ICrawl Walk End
-- Robot_No.4 --

0:Free, 1:PWM, 2:moveservo, 3:SetMotors, 4:IKLeg, 5:IKBody, w:walk, b:back, t:trot, h:hello
Received: w
Reset Forward Pose
Walk Start
ICrawl Update: leg=0, phase=0.00, x=40.0, y=110.0, z=-80.0
ICrawl Update: leg=1, phase=0.00, x=-80.0, y=110.0, z=-80.0
ICrawl Update: leg=2, phase=0.50, x=-60.0, y=-110.0, z=-80.0
ICrawl Update: leg=3, phase=0.50, x=60.0, y=-110.0, z=-80.0
ICrawl Update: leg=0, phase=0.00, x=40.0, y=110.0, z=-80.0
ICrawl Update: leg=1, phase=0.00, x=-80.0, y=110.0, z=-80.0
ICrawl Update: leg=2, phase=0.50, x=-60.0, y=-110.0, z=-80.0
ICrawl Update: leg=3, phase=0.50, x=60.0, y=-110.0, z=-80.0
ICrawl Walk End
-- Robot_No.4 --

0:Free, 1:PWM, 2:moveservo, 3:SetMotors, 4:IKLeg, 5:IKBody, w:walk, b:back, t:trot, h:hello
